Archive member included to satisfy reference by file (symbol)

/home/nvparrish-mint/opt/gcc-arm-none-eabi-7-2017-q4-major/bin/../lib/gcc/arm-none-eabi/7.2.1/../../../../arm-none-eabi/lib/thumb/v7e-m/fpv4-sp/hard/libc_nano.a(lib_a-exit.o)
                              /home/nvparrish-mint/opt/gcc-arm-none-eabi-7-2017-q4-major/bin/../lib/gcc/arm-none-eabi/7.2.1/../../../../arm-none-eabi/lib/thumb/v7e-m/fpv4-sp/hard/crt0.o (exit)
/home/nvparrish-mint/opt/gcc-arm-none-eabi-7-2017-q4-major/bin/../lib/gcc/arm-none-eabi/7.2.1/../../../../arm-none-eabi/lib/thumb/v7e-m/fpv4-sp/hard/libc_nano.a(lib_a-impure.o)
                              /home/nvparrish-mint/opt/gcc-arm-none-eabi-7-2017-q4-major/bin/../lib/gcc/arm-none-eabi/7.2.1/../../../../arm-none-eabi/lib/thumb/v7e-m/fpv4-sp/hard/libc_nano.a(lib_a-exit.o) (_global_impure_ptr)
/home/nvparrish-mint/opt/gcc-arm-none-eabi-7-2017-q4-major/bin/../lib/gcc/arm-none-eabi/7.2.1/../../../../arm-none-eabi/lib/thumb/v7e-m/fpv4-sp/hard/libc_nano.a(lib_a-init.o)
                              /home/nvparrish-mint/opt/gcc-arm-none-eabi-7-2017-q4-major/bin/../lib/gcc/arm-none-eabi/7.2.1/../../../../arm-none-eabi/lib/thumb/v7e-m/fpv4-sp/hard/crt0.o (__libc_init_array)
/home/nvparrish-mint/opt/gcc-arm-none-eabi-7-2017-q4-major/bin/../lib/gcc/arm-none-eabi/7.2.1/../../../../arm-none-eabi/lib/thumb/v7e-m/fpv4-sp/hard/libc_nano.a(lib_a-locale.o)
                              _build/nrf52840_xxaa/nrf_log_str_formatter.c.o (__locale_ctype_ptr)
/home/nvparrish-mint/opt/gcc-arm-none-eabi-7-2017-q4-major/bin/../lib/gcc/arm-none-eabi/7.2.1/../../../../arm-none-eabi/lib/thumb/v7e-m/fpv4-sp/hard/libc_nano.a(lib_a-mbtowc_r.o)
                              /home/nvparrish-mint/opt/gcc-arm-none-eabi-7-2017-q4-major/bin/../lib/gcc/arm-none-eabi/7.2.1/../../../../arm-none-eabi/lib/thumb/v7e-m/fpv4-sp/hard/libc_nano.a(lib_a-locale.o) (__ascii_mbtowc)
/home/nvparrish-mint/opt/gcc-arm-none-eabi-7-2017-q4-major/bin/../lib/gcc/arm-none-eabi/7.2.1/../../../../arm-none-eabi/lib/thumb/v7e-m/fpv4-sp/hard/libc_nano.a(lib_a-memcmp.o)
                              _build/nrf52840_xxaa/id_manager.c.o (memcmp)
/home/nvparrish-mint/opt/gcc-arm-none-eabi-7-2017-q4-major/bin/../lib/gcc/arm-none-eabi/7.2.1/../../../../arm-none-eabi/lib/thumb/v7e-m/fpv4-sp/hard/libc_nano.a(lib_a-memcpy-stub.o)
                              _build/nrf52840_xxaa/nrf_log_frontend.c.o (memcpy)
/home/nvparrish-mint/opt/gcc-arm-none-eabi-7-2017-q4-major/bin/../lib/gcc/arm-none-eabi/7.2.1/../../../../arm-none-eabi/lib/thumb/v7e-m/fpv4-sp/hard/libc_nano.a(lib_a-memset.o)
                              /home/nvparrish-mint/opt/gcc-arm-none-eabi-7-2017-q4-major/bin/../lib/gcc/arm-none-eabi/7.2.1/../../../../arm-none-eabi/lib/thumb/v7e-m/fpv4-sp/hard/crt0.o (memset)
/home/nvparrish-mint/opt/gcc-arm-none-eabi-7-2017-q4-major/bin/../lib/gcc/arm-none-eabi/7.2.1/../../../../arm-none-eabi/lib/thumb/v7e-m/fpv4-sp/hard/libc_nano.a(lib_a-strcmp.o)
                              /home/nvparrish-mint/opt/gcc-arm-none-eabi-7-2017-q4-major/bin/../lib/gcc/arm-none-eabi/7.2.1/../../../../arm-none-eabi/lib/thumb/v7e-m/fpv4-sp/hard/libc_nano.a(lib_a-locale.o) (strcmp)
/home/nvparrish-mint/opt/gcc-arm-none-eabi-7-2017-q4-major/bin/../lib/gcc/arm-none-eabi/7.2.1/../../../../arm-none-eabi/lib/thumb/v7e-m/fpv4-sp/hard/libc_nano.a(lib_a-strcpy.o)
                              _build/nrf52840_xxaa/SEGGER_RTT.c.o (strcpy)
/home/nvparrish-mint/opt/gcc-arm-none-eabi-7-2017-q4-major/bin/../lib/gcc/arm-none-eabi/7.2.1/../../../../arm-none-eabi/lib/thumb/v7e-m/fpv4-sp/hard/libc_nano.a(lib_a-strlen.o)
                              _build/nrf52840_xxaa/nrf_log_frontend.c.o (strlen)
/home/nvparrish-mint/opt/gcc-arm-none-eabi-7-2017-q4-major/bin/../lib/gcc/arm-none-eabi/7.2.1/../../../../arm-none-eabi/lib/thumb/v7e-m/fpv4-sp/hard/libc_nano.a(lib_a-wctomb_r.o)
                              /home/nvparrish-mint/opt/gcc-arm-none-eabi-7-2017-q4-major/bin/../lib/gcc/arm-none-eabi/7.2.1/../../../../arm-none-eabi/lib/thumb/v7e-m/fpv4-sp/hard/libc_nano.a(lib_a-locale.o) (__ascii_wctomb)
/home/nvparrish-mint/opt/gcc-arm-none-eabi-7-2017-q4-major/bin/../lib/gcc/arm-none-eabi/7.2.1/../../../../arm-none-eabi/lib/thumb/v7e-m/fpv4-sp/hard/libc_nano.a(lib_a-ctype_.o)
                              /home/nvparrish-mint/opt/gcc-arm-none-eabi-7-2017-q4-major/bin/../lib/gcc/arm-none-eabi/7.2.1/../../../../arm-none-eabi/lib/thumb/v7e-m/fpv4-sp/hard/libc_nano.a(lib_a-locale.o) (_ctype_)
/home/nvparrish-mint/opt/gcc-arm-none-eabi-7-2017-q4-major/bin/../lib/gcc/arm-none-eabi/7.2.1/../../../../arm-none-eabi/lib/thumb/v7e-m/fpv4-sp/hard/libnosys.a(_exit.o)
                              /home/nvparrish-mint/opt/gcc-arm-none-eabi-7-2017-q4-major/bin/../lib/gcc/arm-none-eabi/7.2.1/../../../../arm-none-eabi/lib/thumb/v7e-m/fpv4-sp/hard/libc_nano.a(lib_a-exit.o) (_exit)
[...]
Memory Configuration

Name             Origin             Length             Attributes
FLASH            0x0000000000022000 0x00000000000de000 xr
RAM              0x0000000020002088 0x000000000003df78 xrw
*default*        0x0000000000000000 0xffffffffffffffff

Linker script and memory map


.text           0x0000000000022000     0xf064
 *(.isr_vector)
 .isr_vector    0x0000000000022000      0x200 _build/nrf52840_xxaa/gcc_startup_nrf52840.S.o
                0x0000000000022000                __isr_vector
 *(.text*)
 .text          0x0000000000022200       0x40 /home/nvparrish-mint/opt/gcc-arm-none-eabi-7-2017-q4-major/bin/../lib/gcc/arm-none-eabi/7.2.1/thumb/v7e-m/fpv4-sp/hard/crtbegin.o
 .text          0x0000000000022240       0x74 /home/nvparrish-mint/opt/gcc-arm-none-eabi-7-2017-q4-major/bin/../lib/gcc/arm-none-eabi/7.2.1/../../../../arm-none-eabi/lib/thumb/v7e-m/fpv4-sp/hard/crt0.o
                0x0000000000022240                _mainCRTStartup
                0x0000000000022240                _start
 .text.nrf_log_backend_serial_put
                0x00000000000222b4       0xe4 _build/nrf52840_xxaa/nrf_log_backend_serial.c.o
                0x00000000000222b4                nrf_log_backend_serial_put
 .text.uart_evt_handler
                0x0000000000022398        0xc _build/nrf52840_xxaa/nrf_log_backend_uart.c.o
 .text.nrf_log_backend_uart_flush
                0x00000000000223a4        0x4 _build/nrf52840_xxaa/nrf_log_backend_uart.c.o
 .text.nrf_log_backend_uart_panic_set
                0x00000000000223a8       0x48 _build/nrf52840_xxaa/nrf_log_backend_uart.c.o
 .text.nrf_log_backend_uart_put
                0x00000000000223f0       0x20 _build/nrf52840_xxaa/nrf_log_backend_uart.c.o
 .text.serial_tx
                0x0000000000022410       0x34 _build/nrf52840_xxaa/nrf_log_backend_uart.c.o
 .text.nrf_log_backend_uart_init
                0x0000000000022444       0x48 _build/nrf52840_xxaa/nrf_log_backend_uart.c.o
                0x0000000000022444                nrf_log_backend_uart_init
 .text.nrf_log_default_backends_init
                0x000000000002248c       0x1c _build/nrf52840_xxaa/nrf_log_default_backends.c.o
                0x000000000002248c                nrf_log_default_backends_init
 .text.nrf_log_frontend_dequeue.part.5
                0x00000000000224a8      0x21c _build/nrf52840_xxaa/nrf_log_frontend.c.o
 .text.nrf_log_init
                0x00000000000226c4       0x50 _build/nrf52840_xxaa/nrf_log_frontend.c.o
                0x00000000000226c4                nrf_log_init
 .text.nrf_log_module_name_get
                0x0000000000022714       0x5c _build/nrf52840_xxaa/nrf_log_frontend.c.o
                0x0000000000022714                nrf_log_module_name_get
 .text.nrf_log_color_id_get
                0x0000000000022770       0x2c _build/nrf52840_xxaa/nrf_log_frontend.c.o
                0x0000000000022770                nrf_log_color_id_get
 .text.nrf_log_frontend_std_0
                0x000000000002279c      0x194 _build/nrf52840_xxaa/nrf_log_frontend.c.o
                0x000000000002279c                nrf_log_frontend_std_0
 .text.nrf_log_frontend_std_1
                0x0000000000022930      0x1a4 _build/nrf52840_xxaa/nrf_log_frontend.c.o
                0x0000000000022930                nrf_log_frontend_std_1
 .text.nrf_log_frontend_std_2
                0x0000000000022ad4      0x1b8 _build/nrf52840_xxaa/nrf_log_frontend.c.o
                0x0000000000022ad4                nrf_log_frontend_std_2
 .text.nrf_log_frontend_std_3
                0x0000000000022c8c      0x1c4 _build/nrf52840_xxaa/nrf_log_frontend.c.o
                0x0000000000022c8c                nrf_log_frontend_std_3
 .text.nrf_log_frontend_dequeue
                0x0000000000022e50       0x18 _build/nrf52840_xxaa/nrf_log_frontend.c.o
                0x0000000000022e50                nrf_log_frontend_dequeue
 .text.nrf_log_backend_add
                0x0000000000022e68       0x5c _build/nrf52840_xxaa/nrf_log_frontend.c.o
                0x0000000000022e68                nrf_log_backend_add
 .text.nrf_log_panic
                0x0000000000022ec4       0x28 _build/nrf52840_xxaa/nrf_log_frontend.c.o
                0x0000000000022ec4                nrf_log_panic
 .text.nrf_log_std_entry_process
                0x0000000000022eec      0x130 _build/nrf52840_xxaa/nrf_log_str_formatter.c.o
                0x0000000000022eec                nrf_log_std_entry_process
 .text.nrf_log_hexdump_entry_process
                0x000000000002301c      0x13c _build/nrf52840_xxaa/nrf_log_str_formatter.c.o
                0x000000000002301c                nrf_log_hexdump_entry_process
 .text.detection_delay_timeout_handler
                0x0000000000023158       0xac _build/nrf52840_xxaa/app_button.c.o
 .text.gpiote_event_handler
                0x0000000000023204       0x5c _build/nrf52840_xxaa/app_button.c.o
 .text.app_button_init
                0x0000000000023260       0xac _build/nrf52840_xxaa/app_button.c.o
                0x0000000000023260                app_button_init
 .text.app_button_enable
                0x000000000002330c       0x2c _build/nrf52840_xxaa/app_button.c.o
                0x000000000002330c                app_button_enable
 .text.app_error_handler_bare
                0x0000000000023338       0x20 _build/nrf52840_xxaa/app_error.c.o
                0x0000000000023338                app_error_handler_bare
 .text.app_error_fault_handler
                0x0000000000023358       0x68 _build/nrf52840_xxaa/app_error_weak.c.o
                0x0000000000023358                app_error_fault_handler
 .text.app_sched_init
                0x00000000000233c0       0x50 _build/nrf52840_xxaa/app_scheduler.c.o
                0x00000000000233c0                app_sched_init
 .text.app_sched_event_put
                0x0000000000023410       0xd4 _build/nrf52840_xxaa/app_scheduler.c.o
                0x0000000000023410                app_sched_event_put
 .text.app_sched_execute
                0x00000000000234e4       0x8c _build/nrf52840_xxaa/app_scheduler.c.o
                0x00000000000234e4                app_sched_execute
 .text.timeout_handler_scheduled_exec
                0x0000000000023570       0x18 _build/nrf52840_xxaa/app_timer.c.o
 .text.RTC1_IRQHandler
                0x0000000000023588       0xc8 _build/nrf52840_xxaa/app_timer.c.o
                0x0000000000023588                RTC1_IRQHandler
 .text.SWI0_EGU0_IRQHandler
                0x0000000000023650      0x670 _build/nrf52840_xxaa/app_timer.c.o
                0x0000000000023650                SWI0_EGU0_IRQHandler
 .text.app_timer_init
                0x0000000000023cc0      0x180 _build/nrf52840_xxaa/app_timer.c.o
                0x0000000000023cc0                app_timer_init
 .text.app_timer_create
                0x0000000000023e40       0x24 _build/nrf52840_xxaa/app_timer.c.o
                0x0000000000023e40                app_timer_create
 .text.app_timer_start
                0x0000000000023e64       0xac _build/nrf52840_xxaa/app_timer.c.o
                0x0000000000023e64                app_timer_start
 .text.app_timer_stop
                0x0000000000023f10       0x74 _build/nrf52840_xxaa/app_timer.c.o
                0x0000000000023f10                app_timer_stop
 .text.app_util_critical_region_enter
                0x0000000000023f84       0x4c _build/nrf52840_xxaa/app_util_platform.c.o
                0x0000000000023f84                app_util_critical_region_enter
 .text.app_util_critical_region_exit
                0x0000000000023fd0       0x30 _build/nrf52840_xxaa/app_util_platform.c.o
                0x0000000000023fd0                app_util_critical_region_exit
 .text.record_find_by_desc
                0x0000000000024000       0xf4 _build/nrf52840_xxaa/fds.c.o
 .text.gc_record_find_next
                0x00000000000240f4       0xe0 _build/nrf52840_xxaa/fds.c.o
 .text.queue_process
                0x00000000000241d4      0x7cc _build/nrf52840_xxaa/fds.c.o
 .text.fs_event_handler
                0x00000000000249a0        0x8 _build/nrf52840_xxaa/fds.c.o
 .text.fds_register
                0x00000000000249a8       0x3c _build/nrf52840_xxaa/fds.c.o
                0x00000000000249a8                fds_register
 .text.fds_init
                0x00000000000249e4      0x3bc _build/nrf52840_xxaa/fds.c.o
                0x00000000000249e4                fds_init
 .text.fds_record_open
                0x0000000000024da0       0x5c _build/nrf52840_xxaa/fds.c.o
                0x0000000000024da0                fds_record_open
 .text.fds_record_close
                0x0000000000024dfc       0x4c _build/nrf52840_xxaa/fds.c.o
                0x0000000000024dfc                fds_record_close
 .text.fds_reserve
                0x0000000000024e48       0x84 _build/nrf52840_xxaa/fds.c.o
                0x0000000000024e48                fds_reserve
 .text.fds_reserve_cancel
                0x0000000000024ecc       0x58 _build/nrf52840_xxaa/fds.c.o
                0x0000000000024ecc                fds_reserve_cancel
 .text.fds_record_write
                0x0000000000024f24      0x15c _build/nrf52840_xxaa/fds.c.o
                0x0000000000024f24                fds_record_write
 .text.fds_record_write_reserved
                0x0000000000025080      0x114 _build/nrf52840_xxaa/fds.c.o
                0x0000000000025080                fds_record_write_reserved
 .text.fds_record_update
                0x0000000000025194      0x15c _build/nrf52840_xxaa/fds.c.o
                0x0000000000025194                fds_record_update
 .text.fds_file_delete
                0x00000000000252f0       0x7c _build/nrf52840_xxaa/fds.c.o
                0x00000000000252f0                fds_file_delete
 .text.fds_gc   0x000000000002536c       0x7c _build/nrf52840_xxaa/fds.c.o
                0x000000000002536c                fds_gc
 .text.fds_record_find
                0x00000000000253e8       0xe4 _build/nrf52840_xxaa/fds.c.o
                0x00000000000253e8                fds_record_find
 .text.fds_record_find_by_key
                0x00000000000254cc       0xdc _build/nrf52840_xxaa/fds.c.o
                0x00000000000254cc                fds_record_find_by_key
 .text.fds_record_find_in_file
                0x00000000000255a8       0xdc _build/nrf52840_xxaa/fds.c.o
                0x00000000000255a8                fds_record_find_in_file
 .text.fds_record_id_from_desc
                0x0000000000025684       0x10 _build/nrf52840_xxaa/fds.c.o
                0x0000000000025684                fds_record_id_from_desc
 .text.nrf_atfifo_init
                0x0000000000025694       0x30 _build/nrf52840_xxaa/nrf_atfifo.c.o
                0x0000000000025694                nrf_atfifo_init
 .text.nrf_atfifo_clear
                0x00000000000256c4       0x44 _build/nrf52840_xxaa/nrf_atfifo.c.o
                0x00000000000256c4                nrf_atfifo_clear
 .text.nrf_atfifo_item_alloc
                0x0000000000025708       0x58 _build/nrf52840_xxaa/nrf_atfifo.c.o
                0x0000000000025708                nrf_atfifo_item_alloc
 .text.nrf_atfifo_item_put
                0x0000000000025760       0x20 _build/nrf52840_xxaa/nrf_atfifo.c.o
                0x0000000000025760                nrf_atfifo_item_put
 .text.nrf_atfifo_item_get
                0x0000000000025780       0x5c _build/nrf52840_xxaa/nrf_atfifo.c.o
                0x0000000000025780                nrf_atfifo_item_get
 .text.nrf_atfifo_item_free
                0x00000000000257dc       0x20 _build/nrf52840_xxaa/nrf_atfifo.c.o
                0x00000000000257dc                nrf_atfifo_item_free
 .text.nrf_balloc_init
                0x00000000000257fc       0x38 _build/nrf52840_xxaa/nrf_balloc.c.o
                0x00000000000257fc                nrf_balloc_init
 .text.nrf_balloc_alloc
                0x0000000000025834       0x50 _build/nrf52840_xxaa/nrf_balloc.c.o
                0x0000000000025834                nrf_balloc_alloc
 .text.nrf_balloc_free
                0x0000000000025884       0x38 _build/nrf52840_xxaa/nrf_balloc.c.o
                0x0000000000025884                nrf_balloc_free
 .text.nrf_fprintf_buffer_flush
                0x00000000000258bc       0x18 _build/nrf52840_xxaa/nrf_fprintf.c.o
                0x00000000000258bc                nrf_fprintf_buffer_flush
 .text.nrf_fprintf
                0x00000000000258d4       0x20 _build/nrf52840_xxaa/nrf_fprintf.c.o
                0x00000000000258d4                nrf_fprintf
 .text.unsigned_print
                0x00000000000258f4      0x10c _build/nrf52840_xxaa/nrf_fprintf_format.c.o
 .text.nrf_fprintf_fmt
                0x0000000000025a00      0x5bc _build/nrf52840_xxaa/nrf_fprintf_format.c.o
                0x0000000000025a00                nrf_fprintf_fmt
 .text.nrf_fstorage_init
                0x0000000000025fbc       0x10 _build/nrf52840_xxaa/nrf_fstorage.c.o
                0x0000000000025fbc                nrf_fstorage_init
 .text.nrf_fstorage_write
                0x0000000000025fcc       0x68 _build/nrf52840_xxaa/nrf_fstorage.c.o
                0x0000000000025fcc                nrf_fstorage_write
 .text.nrf_fstorage_erase
                0x0000000000026034       0x44 _build/nrf52840_xxaa/nrf_fstorage.c.o
                0x0000000000026034                nrf_fstorage_erase
 .text.nrf_fstorage_is_busy
                0x0000000000026078       0x50 _build/nrf52840_xxaa/nrf_fstorage.c.o
                0x0000000000026078                nrf_fstorage_is_busy
 .text.sd_flash_write
                0x00000000000260c8        0x4 _build/nrf52840_xxaa/nrf_fstorage_sd.c.o
 .text.sd_flash_page_erase
                0x00000000000260cc        0x4 _build/nrf52840_xxaa/nrf_fstorage_sd.c.o
 .text.rmap     0x00000000000260d0        0x4 _build/nrf52840_xxaa/nrf_fstorage_sd.c.o
 .text.wmap     0x00000000000260d4        0x4 _build/nrf52840_xxaa/nrf_fstorage_sd.c.o
 .text.is_busy  0x00000000000260d8       0x10 _build/nrf52840_xxaa/nrf_fstorage_sd.c.o
 .text.nrf_fstorage_sdh_req_handler
                0x00000000000260e8       0x14 _build/nrf52840_xxaa/nrf_fstorage_sd.c.o
                0x00000000000260e8                nrf_fstorage_sdh_req_handler
 .text.read     0x00000000000260fc       0x10 _build/nrf52840_xxaa/nrf_fstorage_sd.c.o
 .text.uninit   0x000000000002610c       0x20 _build/nrf52840_xxaa/nrf_fstorage_sd.c.o
 .text.init     0x000000000002612c       0x44 _build/nrf52840_xxaa/nrf_fstorage_sd.c.o
 .text.nrf_fstorage_sys_evt_handler
                0x0000000000026170      0x1b0 _build/nrf52840_xxaa/nrf_fstorage_sd.c.o
                0x0000000000026170                nrf_fstorage_sys_evt_handler
 .text.queue_process
                0x0000000000026320       0xf4 _build/nrf52840_xxaa/nrf_fstorage_sd.c.o
 .text.erase    0x0000000000026414       0x80 _build/nrf52840_xxaa/nrf_fstorage_sd.c.o
 .text.write    0x0000000000026494       0x80 _build/nrf52840_xxaa/nrf_fstorage_sd.c.o
 .text.nrf_fstorage_sdh_state_handler
                0x0000000000026514      0x108 _build/nrf52840_xxaa/nrf_fstorage_sd.c.o
                0x0000000000026514                nrf_fstorage_sdh_state_handler
 .text.nrf_memobj_pool_init
                0x000000000002661c        0x4 _build/nrf52840_xxaa/nrf_memobj.c.o
                0x000000000002661c                nrf_memobj_pool_init
 .text.nrf_memobj_alloc
                0x0000000000026620       0x84 _build/nrf52840_xxaa/nrf_memobj.c.o
                0x0000000000026620                nrf_memobj_alloc
 .text.nrf_memobj_get
                0x00000000000266a4       0x20 _build/nrf52840_xxaa/nrf_memobj.c.o
                0x00000000000266a4                nrf_memobj_get
 .text.nrf_memobj_put
                0x00000000000266c4       0x50 _build/nrf52840_xxaa/nrf_memobj.c.o
                0x00000000000266c4                nrf_memobj_put
 .text.nrf_memobj_write
                0x0000000000026714       0x5c _build/nrf52840_xxaa/nrf_memobj.c.o
                0x0000000000026714                nrf_memobj_write
 .text.nrf_memobj_read
                0x0000000000026770       0x5c _build/nrf52840_xxaa/nrf_memobj.c.o
                0x0000000000026770                nrf_memobj_read
 .text.nrf_section_iter_init
                0x00000000000267cc       0x14 _build/nrf52840_xxaa/nrf_section_iter.c.o
                0x00000000000267cc                nrf_section_iter_init
 .text.nrf_section_iter_next
                0x00000000000267e0       0x18 _build/nrf52840_xxaa/nrf_section_iter.c.o
                0x00000000000267e0                nrf_section_iter_next
 .text.nrf_strerror_get
                0x00000000000267f8       0x6c _build/nrf52840_xxaa/nrf_strerror.c.o
                0x00000000000267f8                nrf_strerror_get
 .text.sdk_mapped_flags_first_key_index_get
                0x0000000000026864       0x30 _build/nrf52840_xxaa/sdk_mapped_flags.c.o
                0x0000000000026864                sdk_mapped_flags_first_key_index_get
 .text.sdk_mapped_flags_update_by_key
                0x0000000000026894       0x38 _build/nrf52840_xxaa/sdk_mapped_flags.c.o
                0x0000000000026894                sdk_mapped_flags_update_by_key
 .text.sdk_mapped_flags_bulk_update_by_key
                0x00000000000268cc       0x5c _build/nrf52840_xxaa/sdk_mapped_flags.c.o
                0x00000000000268cc                sdk_mapped_flags_bulk_update_by_key
 .text.sdk_mapped_flags_get_by_key
                0x0000000000026928       0x38 _build/nrf52840_xxaa/sdk_mapped_flags.c.o
                0x0000000000026928                sdk_mapped_flags_get_by_key
 .text.sdk_mapped_flags_key_list_get
                0x0000000000026960       0x34 _build/nrf52840_xxaa/sdk_mapped_flags.c.o
                0x0000000000026960                sdk_mapped_flags_key_list_get
 .text.sensorsim_init
                0x0000000000026994       0x1c _build/nrf52840_xxaa/sensorsim.c.o
                0x0000000000026994                sensorsim_init
 .text.sensorsim_measure
                0x00000000000269b0       0x48 _build/nrf52840_xxaa/sensorsim.c.o
                0x00000000000269b0                sensorsim_measure
 .text.bsp_board_led_state_get
                0x00000000000269f8       0x28 _build/nrf52840_xxaa/boards.c.o
                0x00000000000269f8                bsp_board_led_state_get
 .text.bsp_board_led_on
                0x0000000000026a20       0x28 _build/nrf52840_xxaa/boards.c.o
                0x0000000000026a20                bsp_board_led_on
 .text.bsp_board_led_off
                0x0000000000026a48       0x28 _build/nrf52840_xxaa/boards.c.o
                0x0000000000026a48                bsp_board_led_off
 .text.bsp_board_leds_off
                0x0000000000026a70       0x2c _build/nrf52840_xxaa/boards.c.o
                0x0000000000026a70                bsp_board_leds_off
 .text.bsp_board_leds_on
                0x0000000000026a9c       0x2c _build/nrf52840_xxaa/boards.c.o
                0x0000000000026a9c                bsp_board_leds_on
 .text.bsp_board_led_invert
                0x0000000000026ac8       0x34 _build/nrf52840_xxaa/boards.c.o
                0x0000000000026ac8                bsp_board_led_invert
 .text.bsp_board_leds_init
                0x0000000000026afc       0x3c _build/nrf52840_xxaa/boards.c.o
                0x0000000000026afc                bsp_board_leds_init
 .text.bsp_board_button_state_get
                0x0000000000026b38       0x28 _build/nrf52840_xxaa/boards.c.o
                0x0000000000026b38                bsp_board_button_state_get
 .text.bsp_board_pin_to_button_idx
                0x0000000000026b60       0x24 _build/nrf52840_xxaa/boards.c.o
                0x0000000000026b60                bsp_board_pin_to_button_idx
 .text.bsp_board_button_idx_to_pin
                0x0000000000026b84        0xc _build/nrf52840_xxaa/boards.c.o
                0x0000000000026b84                bsp_board_button_idx_to_pin
 .text.soc_evt_handler
                0x0000000000026b90       0x24 _build/nrf52840_xxaa/nrf_drv_clock.c.o
 .text.sd_state_evt_handler
                0x0000000000026bb4       0xc0 _build/nrf52840_xxaa/nrf_drv_clock.c.o
 .text.POWER_CLOCK_IRQHandler
                0x0000000000026c74       0x7c _build/nrf52840_xxaa/nrf_drv_clock.c.o
                0x0000000000026c74                POWER_CLOCK_IRQHandler
 .text.nrf_drv_common_irq_enable
                0x0000000000026cf0       0x48 _build/nrf52840_xxaa/nrf_drv_common.c.o
                0x0000000000026cf0                nrf_drv_common_irq_enable
 .text.nrf_drv_gpiote_init
                0x0000000000026d38       0x7c _build/nrf52840_xxaa/nrf_drv_gpiote.c.o
                0x0000000000026d38                nrf_drv_gpiote_init
 .text.nrf_drv_gpiote_is_init
                0x0000000000026db4       0x14 _build/nrf52840_xxaa/nrf_drv_gpiote.c.o
                0x0000000000026db4                nrf_drv_gpiote_is_init
 .text.nrf_drv_gpiote_in_init
                0x0000000000026dc8      0x1c0 _build/nrf52840_xxaa/nrf_drv_gpiote.c.o
                0x0000000000026dc8                nrf_drv_gpiote_in_init
 .text.nrf_drv_gpiote_in_event_enable
                0x0000000000026f88       0xf8 _build/nrf52840_xxaa/nrf_drv_gpiote.c.o
                0x0000000000026f88                nrf_drv_gpiote_in_event_enable
 .text.nrf_drv_gpiote_in_is_set
                0x0000000000027080       0x20 _build/nrf52840_xxaa/nrf_drv_gpiote.c.o
                0x0000000000027080                nrf_drv_gpiote_in_is_set
 .text.GPIOTE_IRQHandler
                0x00000000000270a0      0x568 _build/nrf52840_xxaa/nrf_drv_gpiote.c.o
                0x00000000000270a0                GPIOTE_IRQHandler
 .text.nrf_drv_uart_init
                0x0000000000027608      0x264 _build/nrf52840_xxaa/nrf_drv_uart.c.o
                0x0000000000027608                nrf_drv_uart_init
 .text.nrf_drv_uart_uninit
                0x000000000002786c      0x138 _build/nrf52840_xxaa/nrf_drv_uart.c.o
                0x000000000002786c                nrf_drv_uart_uninit
 .text.nrf_drv_uart_tx
                0x00000000000279a4      0x154 _build/nrf52840_xxaa/nrf_drv_uart.c.o
                0x00000000000279a4                nrf_drv_uart_tx
 .text.UARTE0_UART0_IRQHandler
                0x0000000000027af8      0x2e4 _build/nrf52840_xxaa/nrf_drv_uart.c.o
                0x0000000000027af8                UARTE0_UART0_IRQHandler
 .text.alert_timer_handler
                0x0000000000027ddc        0x8 _build/nrf52840_xxaa/bsp.c.o
 .text.bsp_button_event_handler
                0x0000000000027de4       0xa0 _build/nrf52840_xxaa/bsp.c.o
 .text.button_timer_handler
                0x0000000000027e84       0x30 _build/nrf52840_xxaa/bsp.c.o
 .text.leds_timer_handler
                0x0000000000027eb4      0x2e4 _build/nrf52840_xxaa/bsp.c.o
 .text.bsp_button_is_pressed
                0x0000000000028198        0x4 _build/nrf52840_xxaa/bsp.c.o
                0x0000000000028198                bsp_button_is_pressed
 .text.bsp_indication_set
                0x000000000002819c      0x328 _build/nrf52840_xxaa/bsp.c.o
                0x000000000002819c                bsp_indication_set
 .text.bsp_init
                0x00000000000284c4       0xac _build/nrf52840_xxaa/bsp.c.o
                0x00000000000284c4                bsp_init
 .text.bsp_event_to_button_action_assign
                0x0000000000028570       0x50 _build/nrf52840_xxaa/bsp.c.o
                0x0000000000028570                bsp_event_to_button_action_assign
 .text.bsp_wakeup_button_enable
                0x00000000000285c0       0x38 _build/nrf52840_xxaa/bsp.c.o
                0x00000000000285c0                bsp_wakeup_button_enable
 .text.ble_evt_handler
                0x00000000000285f8       0xac _build/nrf52840_xxaa/bsp_btn_ble.c.o
 .text.bsp_btn_ble_sleep_mode_prepare
                0x00000000000286a4       0x24 _build/nrf52840_xxaa/bsp_btn_ble.c.o
                0x00000000000286a4                bsp_btn_ble_sleep_mode_prepare
 .text.bsp_btn_ble_init
                0x00000000000286c8       0x6c _build/nrf52840_xxaa/bsp_btn_ble.c.o
                0x00000000000286c8                bsp_btn_ble_init
 .text.sd_app_evt_wait
                0x0000000000028734        0x4 _build/nrf52840_xxaa/main.c.o
 .text.startup.main
                0x0000000000028738       0x5c _build/nrf52840_xxaa/main.c.o
                0x0000000000028738                main
 .text.sd_ble_gap_addr_get
                0x0000000000028794        0x4 _build/nrf52840_xxaa/ble_advdata.c.o
 .text.sd_ble_gap_adv_data_set
                0x0000000000028798        0x4 _build/nrf52840_xxaa/ble_advdata.c.o
 .text.sd_ble_gap_appearance_get
                0x000000000002879c        0x4 _build/nrf52840_xxaa/ble_advdata.c.o
 .text.sd_ble_gap_device_name_get
                0x00000000000287a0        0x4 _build/nrf52840_xxaa/ble_advdata.c.o
 .text.sd_ble_uuid_encode
                0x00000000000287a4        0x4 _build/nrf52840_xxaa/ble_advdata.c.o
 .text.uuid_list_sized_encode
                0x00000000000287a8       0xd0 _build/nrf52840_xxaa/ble_advdata.c.o
 .text.ble_advdata_encode
                0x0000000000028878      0x3ec _build/nrf52840_xxaa/ble_advdata.c.o
                0x0000000000028878                ble_advdata_encode
 .text.ble_advdata_set
                0x0000000000028c64      0x4e4 _build/nrf52840_xxaa/ble_advdata.c.o
                0x0000000000028c64                ble_advdata_set
 .text.sd_ble_gap_adv_start
                0x0000000000029148        0x4 _build/nrf52840_xxaa/ble_advertising.c.o
 .text.sd_ble_gap_adv_stop
                0x000000000002914c        0x4 _build/nrf52840_xxaa/ble_advertising.c.o
 .text.ble_advertising_start.part.2
                0x0000000000029150      0x228 _build/nrf52840_xxaa/ble_advertising.c.o
 .text.ble_advertising_conn_cfg_tag_set
                0x0000000000029378        0x8 _build/nrf52840_xxaa/ble_advertising.c.o
                0x0000000000029378                ble_advertising_conn_cfg_tag_set
 .text.ble_advertising_init
                0x0000000000029380      0x160 _build/nrf52840_xxaa/ble_advertising.c.o
                0x0000000000029380                ble_advertising_init
 .text.ble_advertising_start
                0x00000000000294e0      0x1f8 _build/nrf52840_xxaa/ble_advertising.c.o
                0x00000000000294e0                ble_advertising_start
 .text.ble_advertising_on_ble_evt
                0x00000000000296d8       0x94 _build/nrf52840_xxaa/ble_advertising.c.o
                0x00000000000296d8                ble_advertising_on_ble_evt
 .text.ble_advertising_on_sys_evt
                0x000000000002976c       0x44 _build/nrf52840_xxaa/ble_advertising.c.o
                0x000000000002976c                ble_advertising_on_sys_evt
 .text.ble_advertising_peer_addr_reply
                0x00000000000297b0       0x20 _build/nrf52840_xxaa/ble_advertising.c.o
                0x00000000000297b0                ble_advertising_peer_addr_reply
 .text.ble_advertising_whitelist_reply
                0x00000000000297d0       0x2c _build/nrf52840_xxaa/ble_advertising.c.o
                0x00000000000297d0                ble_advertising_whitelist_reply
 .text.ble_advertising_restart_without_whitelist
                0x00000000000297fc       0x5c _build/nrf52840_xxaa/ble_advertising.c.o
                0x00000000000297fc                ble_advertising_restart_without_whitelist
 .text.sd_ble_gap_conn_param_update
                0x0000000000029858        0x4 _build/nrf52840_xxaa/ble_conn_params.c.o
 .text.sd_ble_gap_disconnect
                0x000000000002985c        0x4 _build/nrf52840_xxaa/ble_conn_params.c.o
 .text.sd_ble_gap_ppcp_set
                0x0000000000029860        0x4 _build/nrf52840_xxaa/ble_conn_params.c.o
 .text.sd_ble_gap_ppcp_get
                0x0000000000029864        0x4 _build/nrf52840_xxaa/ble_conn_params.c.o
 .text.update_timeout_handler
                0x0000000000029868       0x80 _build/nrf52840_xxaa/ble_conn_params.c.o
 .text.ble_evt_handler
                0x00000000000298e8      0x1d4 _build/nrf52840_xxaa/ble_conn_params.c.o
 .text.ble_conn_params_init
                0x0000000000029abc       0x7c _build/nrf52840_xxaa/ble_conn_params.c.o
                0x0000000000029abc                ble_conn_params_init
 .text.ble_evt_handler
                0x0000000000029b38      0x114 _build/nrf52840_xxaa/ble_conn_state.c.o
 .text.ble_conn_state_role
                0x0000000000029c4c       0x2c _build/nrf52840_xxaa/ble_conn_state.c.o
                0x0000000000029c4c                ble_conn_state_role
 .text.ble_conn_state_encrypted
                0x0000000000029c78       0x10 _build/nrf52840_xxaa/ble_conn_state.c.o
                0x0000000000029c78                ble_conn_state_encrypted
 .text.ble_conn_state_conn_handles
                0x0000000000029c88       0x18 _build/nrf52840_xxaa/ble_conn_state.c.o
                0x0000000000029c88                ble_conn_state_conn_handles
 .text.ble_conn_state_user_flag_acquire
                0x0000000000029ca0       0x30 _build/nrf52840_xxaa/ble_conn_state.c.o
                0x0000000000029ca0                ble_conn_state_user_flag_acquire
 .text.ble_conn_state_user_flag_get
                0x0000000000029cd0       0x28 _build/nrf52840_xxaa/ble_conn_state.c.o
                0x0000000000029cd0                ble_conn_state_user_flag_get
 .text.ble_conn_state_user_flag_set
                0x0000000000029cf8       0x28 _build/nrf52840_xxaa/ble_conn_state.c.o
                0x0000000000029cf8                ble_conn_state_user_flag_set
 .text.ble_conn_state_user_flag_collection
                0x0000000000029d20       0x1c _build/nrf52840_xxaa/ble_conn_state.c.o
                0x0000000000029d20                ble_conn_state_user_flag_collection
 .text.ble_srv_is_notification_enabled
                0x0000000000029d3c        0x8 _build/nrf52840_xxaa/ble_srv_common.c.o
                0x0000000000029d3c                ble_srv_is_notification_enabled
 .text.ble_srv_report_ref_encode
                0x0000000000029d44        0xc _build/nrf52840_xxaa/ble_srv_common.c.o
                0x0000000000029d44                ble_srv_report_ref_encode
 .text.ble_srv_ascii_to_utf8
                0x0000000000029d50       0x14 _build/nrf52840_xxaa/ble_srv_common.c.o
                0x0000000000029d50                ble_srv_ascii_to_utf8
 .text.local_db_apply_in_evt
                0x0000000000029d64       0xb8 _build/nrf52840_xxaa/gatt_cache_manager.c.o
 .text.pending_flags_check.part.1
                0x0000000000029e1c      0x200 _build/nrf52840_xxaa/gatt_cache_manager.c.o
 .text.gcm_im_evt_handler
                0x000000000002a01c       0xe4 _build/nrf52840_xxaa/gatt_cache_manager.c.o
                0x000000000002a01c                gcm_im_evt_handler
 .text.gcm_pdb_evt_handler
                0x000000000002a100       0xa8 _build/nrf52840_xxaa/gatt_cache_manager.c.o
                0x000000000002a100                gcm_pdb_evt_handler
 .text.gcm_init
                0x000000000002a1a8       0x5c _build/nrf52840_xxaa/gatt_cache_manager.c.o
                0x000000000002a1a8                gcm_init
 .text.gcm_ble_evt_handler
                0x000000000002a204       0xdc _build/nrf52840_xxaa/gatt_cache_manager.c.o
                0x000000000002a204                gcm_ble_evt_handler
 .text.gcm_local_database_has_changed
                0x000000000002a2e0       0x74 _build/nrf52840_xxaa/gatt_cache_manager.c.o
                0x000000000002a2e0                gcm_local_database_has_changed
 .text.sd_ble_gatts_service_changed
                0x000000000002a354        0x4 _build/nrf52840_xxaa/gatts_cache_manager.c.o
 .text.sd_ble_gatts_sys_attr_set
                0x000000000002a358        0x4 _build/nrf52840_xxaa/gatts_cache_manager.c.o
 .text.sd_ble_gatts_sys_attr_get
                0x000000000002a35c        0x4 _build/nrf52840_xxaa/gatts_cache_manager.c.o
 .text.sd_ble_gatts_initial_user_handle_get
                0x000000000002a360        0x4 _build/nrf52840_xxaa/gatts_cache_manager.c.o
 .text.gscm_pdb_evt_handler
                0x000000000002a364       0x58 _build/nrf52840_xxaa/gatts_cache_manager.c.o
                0x000000000002a364                gscm_pdb_evt_handler
 .text.gscm_init
                0x000000000002a3bc       0x10 _build/nrf52840_xxaa/gatts_cache_manager.c.o
                0x000000000002a3bc                gscm_init
 .text.gscm_local_db_cache_update
                0x000000000002a3cc       0x9c _build/nrf52840_xxaa/gatts_cache_manager.c.o
                0x000000000002a3cc                gscm_local_db_cache_update
 .text.gscm_local_db_cache_apply
                0x000000000002a468       0x84 _build/nrf52840_xxaa/gatts_cache_manager.c.o
                0x000000000002a468                gscm_local_db_cache_apply
 .text.gscm_local_database_has_changed
                0x000000000002a4ec       0x5c _build/nrf52840_xxaa/gatts_cache_manager.c.o
                0x000000000002a4ec                gscm_local_database_has_changed
 .text.gscm_service_changed_ind_needed
                0x000000000002a548       0x2c _build/nrf52840_xxaa/gatts_cache_manager.c.o
                0x000000000002a548                gscm_service_changed_ind_needed
 .text.gscm_service_changed_ind_send
                0x000000000002a574       0x38 _build/nrf52840_xxaa/gatts_cache_manager.c.o
                0x000000000002a574                gscm_service_changed_ind_send
 .text.gscm_db_change_notification_done
                0x000000000002a5ac       0x24 _build/nrf52840_xxaa/gatts_cache_manager.c.o
                0x000000000002a5ac                gscm_db_change_notification_done
 .text.sd_ble_gap_whitelist_set
                0x000000000002a5d0        0x4 _build/nrf52840_xxaa/id_manager.c.o
 .text.sd_ble_gap_device_identities_set
                0x000000000002a5d4        0x4 _build/nrf52840_xxaa/id_manager.c.o
 .text.sd_ecb_block_encrypt
                0x000000000002a5d8        0x4 _build/nrf52840_xxaa/id_manager.c.o
 .text.peers_id_keys_get
                0x000000000002a5dc      0x1f8 _build/nrf52840_xxaa/id_manager.c.o
 .text.im_ble_evt_handler
                0x000000000002a7d4      0x274 _build/nrf52840_xxaa/id_manager.c.o
                0x000000000002a7d4                im_ble_evt_handler
 .text.im_is_duplicate_bonding_data
                0x000000000002aa48      0x100 _build/nrf52840_xxaa/id_manager.c.o
                0x000000000002aa48                im_is_duplicate_bonding_data
 .text.im_find_duplicate_bonding_data
                0x000000000002ab48       0x40 _build/nrf52840_xxaa/id_manager.c.o
                0x000000000002ab48                im_find_duplicate_bonding_data
 .text.im_init  0x000000000002ab88       0x34 _build/nrf52840_xxaa/id_manager.c.o
                0x000000000002ab88                im_init
 .text.im_peer_id_get_by_conn_handle
                0x000000000002abbc       0x40 _build/nrf52840_xxaa/id_manager.c.o
                0x000000000002abbc                im_peer_id_get_by_conn_handle
 .text.im_ble_addr_get
                0x000000000002abfc       0x50 _build/nrf52840_xxaa/id_manager.c.o
                0x000000000002abfc                im_ble_addr_get
 .text.im_master_ids_compare
                0x000000000002ac4c       0x44 _build/nrf52840_xxaa/id_manager.c.o
                0x000000000002ac4c                im_master_ids_compare
 .text.im_peer_id_get_by_master_id
                0x000000000002ac90       0xf0 _build/nrf52840_xxaa/id_manager.c.o
                0x000000000002ac90                im_peer_id_get_by_master_id
 .text.im_conn_handle_get
                0x000000000002ad80       0x38 _build/nrf52840_xxaa/id_manager.c.o
                0x000000000002ad80                im_conn_handle_get
 .text.im_new_peer_id
                0x000000000002adb8       0x3c _build/nrf52840_xxaa/id_manager.c.o
                0x000000000002adb8                im_new_peer_id
 .text.im_peer_free
                0x000000000002adf4       0x7c _build/nrf52840_xxaa/id_manager.c.o
                0x000000000002adf4                im_peer_free
 .text.im_device_identities_list_set
                0x000000000002ae70       0xc4 _build/nrf52840_xxaa/id_manager.c.o
                0x000000000002ae70                im_device_identities_list_set
 .text.im_whitelist_get
                0x000000000002af34       0x3c _build/nrf52840_xxaa/id_manager.c.o
                0x000000000002af34                im_whitelist_get
 .text.im_whitelist_set
                0x000000000002af70       0x9c _build/nrf52840_xxaa/id_manager.c.o
                0x000000000002af70                im_whitelist_set
 .text.sd_ble_gap_data_length_update
                0x000000000002b00c        0x4 _build/nrf52840_xxaa/nrf_ble_gatt.c.o
 .text.sd_ble_gattc_exchange_mtu_request
                0x000000000002b010        0x4 _build/nrf52840_xxaa/nrf_ble_gatt.c.o
 .text.sd_ble_gatts_exchange_mtu_reply
                0x000000000002b014        0x4 _build/nrf52840_xxaa/nrf_ble_gatt.c.o
 .text.nrf_ble_gatt_init
                0x000000000002b018       0x2c _build/nrf52840_xxaa/nrf_ble_gatt.c.o
                0x000000000002b018                nrf_ble_gatt_init
 .text.nrf_ble_gatt_on_ble_evt
                0x000000000002b044      0x1f0 _build/nrf52840_xxaa/nrf_ble_gatt.c.o
                0x000000000002b044                nrf_ble_gatt_on_ble_evt
 .text.peer_data_delete
                0x000000000002b234       0x98 _build/nrf52840_xxaa/peer_data_storage.c.o
 .text.fds_evt_handler
                0x000000000002b2cc       0xfc _build/nrf52840_xxaa/peer_data_storage.c.o
 .text.pds_init
                0x000000000002b3c8       0x6c _build/nrf52840_xxaa/peer_data_storage.c.o
                0x000000000002b3c8                pds_init
 .text.pds_peer_data_read
                0x000000000002b434       0x84 _build/nrf52840_xxaa/peer_data_storage.c.o
                0x000000000002b434                pds_peer_data_read
 .text.pds_peer_data_iterate_prepare
                0x000000000002b4b8       0x10 _build/nrf52840_xxaa/peer_data_storage.c.o
                0x000000000002b4b8                pds_peer_data_iterate_prepare
 .text.pds_peer_data_iterate
                0x000000000002b4c8       0x5c _build/nrf52840_xxaa/peer_data_storage.c.o
                0x000000000002b4c8                pds_peer_data_iterate
 .text.pds_space_reserve
                0x000000000002b524       0x30 _build/nrf52840_xxaa/peer_data_storage.c.o
                0x000000000002b524                pds_space_reserve
 .text.pds_space_reserve_cancel
                0x000000000002b554       0x20 _build/nrf52840_xxaa/peer_data_storage.c.o
                0x000000000002b554                pds_space_reserve_cancel
 .text.pds_peer_data_store
                0x000000000002b574       0xc0 _build/nrf52840_xxaa/peer_data_storage.c.o
                0x000000000002b574                pds_peer_data_store
 .text.pds_peer_id_allocate
                0x000000000002b634        0x8 _build/nrf52840_xxaa/peer_data_storage.c.o
                0x000000000002b634                pds_peer_id_allocate
 .text.pds_peer_id_free
                0x000000000002b63c       0x18 _build/nrf52840_xxaa/peer_data_storage.c.o
                0x000000000002b63c                pds_peer_id_free
 .text.pds_peer_id_is_allocated
                0x000000000002b654        0x4 _build/nrf52840_xxaa/peer_data_storage.c.o
                0x000000000002b654                pds_peer_id_is_allocated
 .text.pds_next_peer_id_get
                0x000000000002b658        0x4 _build/nrf52840_xxaa/peer_data_storage.c.o
                0x000000000002b658                pds_next_peer_id_get
 .text.pds_next_deleted_peer_id_get
                0x000000000002b65c        0x4 _build/nrf52840_xxaa/peer_data_storage.c.o
                0x000000000002b65c                pds_next_deleted_peer_id_get
 .text.write_buf_store
                0x000000000002b660       0xe0 _build/nrf52840_xxaa/peer_database.c.o
                0x000000000002b660                write_buf_store
 .text.pdb_pds_evt_handler
                0x000000000002b740      0x140 _build/nrf52840_xxaa/peer_database.c.o
                0x000000000002b740                pdb_pds_evt_handler
 .text.pdb_init
                0x000000000002b880       0x74 _build/nrf52840_xxaa/peer_database.c.o
                0x000000000002b880                pdb_init
 .text.pdb_peer_allocate
                0x000000000002b8f4        0x4 _build/nrf52840_xxaa/peer_database.c.o
                0x000000000002b8f4                pdb_peer_allocate
 .text.pdb_peer_free
                0x000000000002b8f8      0x118 _build/nrf52840_xxaa/peer_database.c.o
                0x000000000002b8f8                pdb_peer_free
 .text.pdb_peer_data_ptr_get
                0x000000000002ba10        0x8 _build/nrf52840_xxaa/peer_database.c.o
                0x000000000002ba10                pdb_peer_data_ptr_get
 .text.pdb_write_buf_get
                0x000000000002ba18      0x1cc _build/nrf52840_xxaa/peer_database.c.o
                0x000000000002ba18                pdb_write_buf_get
 .text.pdb_write_buf_release
                0x000000000002bbe4       0xb8 _build/nrf52840_xxaa/peer_database.c.o
                0x000000000002bbe4                pdb_write_buf_release
 .text.pdb_write_buf_store_prepare
                0x000000000002bc9c       0xbc _build/nrf52840_xxaa/peer_database.c.o
                0x000000000002bc9c                pdb_write_buf_store_prepare
 .text.pdb_write_buf_store
                0x000000000002bd58       0x70 _build/nrf52840_xxaa/peer_database.c.o
                0x000000000002bd58                pdb_write_buf_store
 .text.pdb_next_peer_id_get
                0x000000000002bdc8        0x4 _build/nrf52840_xxaa/peer_database.c.o
                0x000000000002bdc8                pdb_next_peer_id_get
 .text.pdb_next_deleted_peer_id_get
                0x000000000002bdcc        0x4 _build/nrf52840_xxaa/peer_database.c.o
                0x000000000002bdcc                pdb_next_deleted_peer_id_get
 .text.pdb_peer_data_load
                0x000000000002bdd0       0x18 _build/nrf52840_xxaa/peer_database.c.o
                0x000000000002bdd0                pdb_peer_data_load
 .text.pdb_raw_store
                0x000000000002bde8        0x8 _build/nrf52840_xxaa/peer_database.c.o
                0x000000000002bde8                pdb_raw_store
 .text.peer_id_init
                0x000000000002bdf0       0x2c _build/nrf52840_xxaa/peer_id.c.o
                0x000000000002bdf0                peer_id_init
 .text.peer_id_allocate
                0x000000000002be1c       0x38 _build/nrf52840_xxaa/peer_id.c.o
                0x000000000002be1c                peer_id_allocate
 .text.peer_id_delete
                0x000000000002be54       0x24 _build/nrf52840_xxaa/peer_id.c.o
                0x000000000002be54                peer_id_delete
 .text.peer_id_free
                0x000000000002be78       0x28 _build/nrf52840_xxaa/peer_id.c.o
                0x000000000002be78                peer_id_free
 .text.peer_id_is_allocated
                0x000000000002bea0       0x14 _build/nrf52840_xxaa/peer_id.c.o
                0x000000000002bea0                peer_id_is_allocated
 .text.peer_id_get_next_used
                0x000000000002beb4       0x70 _build/nrf52840_xxaa/peer_id.c.o
                0x000000000002beb4                peer_id_get_next_used
 .text.peer_id_get_next_deleted
                0x000000000002bf24       0x40 _build/nrf52840_xxaa/peer_id.c.o
                0x000000000002bf24                peer_id_get_next_deleted
 .text.ble_evt_handler
                0x000000000002bf64       0x24 _build/nrf52840_xxaa/peer_manager.c.o
 .text.rank_vars_update
                0x000000000002bf88       0xa8 _build/nrf52840_xxaa/peer_manager.c.o
 .text.pm_pdb_evt_handler
                0x000000000002c030      0x1bc _build/nrf52840_xxaa/peer_manager.c.o
                0x000000000002c030                pm_pdb_evt_handler
 .text.pm_sm_evt_handler
                0x000000000002c1ec       0x50 _build/nrf52840_xxaa/peer_manager.c.o
                0x000000000002c1ec                pm_sm_evt_handler
 .text.pm_gcm_evt_handler
                0x000000000002c23c       0x28 _build/nrf52840_xxaa/peer_manager.c.o
                0x000000000002c23c                pm_gcm_evt_handler
 .text.pm_im_evt_handler
                0x000000000002c264       0x40 _build/nrf52840_xxaa/peer_manager.c.o
                0x000000000002c264                pm_im_evt_handler
 .text.pm_init  0x000000000002c2a4       0x70 _build/nrf52840_xxaa/peer_manager.c.o
                0x000000000002c2a4                pm_init
 .text.pm_register
                0x000000000002c314       0x38 _build/nrf52840_xxaa/peer_manager.c.o
                0x000000000002c314                pm_register
 .text.pm_sec_params_set
                0x000000000002c34c       0x14 _build/nrf52840_xxaa/peer_manager.c.o
                0x000000000002c34c                pm_sec_params_set
 .text.pm_conn_sec_config_reply
                0x000000000002c360        0x8 _build/nrf52840_xxaa/peer_manager.c.o
                0x000000000002c360                pm_conn_sec_config_reply
 .text.pm_local_database_has_changed
                0x000000000002c368       0x10 _build/nrf52840_xxaa/peer_manager.c.o
                0x000000000002c368                pm_local_database_has_changed
 .text.pm_whitelist_set
                0x000000000002c378       0x14 _build/nrf52840_xxaa/peer_manager.c.o
                0x000000000002c378                pm_whitelist_set
 .text.pm_whitelist_get
                0x000000000002c38c       0x30 _build/nrf52840_xxaa/peer_manager.c.o
                0x000000000002c38c                pm_whitelist_get
 .text.pm_device_identities_list_set
                0x000000000002c3bc       0x14 _build/nrf52840_xxaa/peer_manager.c.o
                0x000000000002c3bc                pm_device_identities_list_set
 .text.pm_next_peer_id_get
                0x000000000002c3d0       0x14 _build/nrf52840_xxaa/peer_manager.c.o
                0x000000000002c3d0                pm_next_peer_id_get
 .text.pm_peer_data_bonding_load
                0x000000000002c3e4       0x44 _build/nrf52840_xxaa/peer_manager.c.o
                0x000000000002c3e4                pm_peer_data_bonding_load
 .text.pm_peers_delete
                0x000000000002c428       0x9c _build/nrf52840_xxaa/peer_manager.c.o
                0x000000000002c428                pm_peers_delete
 .text.pm_buffer_init
                0x000000000002c4c4       0x40 _build/nrf52840_xxaa/pm_buffer.c.o
                0x000000000002c4c4                pm_buffer_init
 .text.pm_buffer_block_acquire
                0x000000000002c504       0x90 _build/nrf52840_xxaa/pm_buffer.c.o
                0x000000000002c504                pm_buffer_block_acquire
 .text.pm_buffer_ptr_get
                0x000000000002c594       0x30 _build/nrf52840_xxaa/pm_buffer.c.o
                0x000000000002c594                pm_buffer_ptr_get
 .text.pm_buffer_release
                0x000000000002c5c4       0x30 _build/nrf52840_xxaa/pm_buffer.c.o
                0x000000000002c5c4                pm_buffer_release
 .text.pm_mutex_init
                0x000000000002c5f4       0x10 _build/nrf52840_xxaa/pm_mutex.c.o
                0x000000000002c5f4                pm_mutex_init
 .text.pm_mutex_lock
                0x000000000002c604       0x54 _build/nrf52840_xxaa/pm_mutex.c.o
                0x000000000002c604                pm_mutex_lock
 .text.pm_mutex_unlock
                0x000000000002c658       0x40 _build/nrf52840_xxaa/pm_mutex.c.o
                0x000000000002c658                pm_mutex_unlock
 .text.pm_mutex_lock_first_available
                0x000000000002c698       0x78 _build/nrf52840_xxaa/pm_mutex.c.o
                0x000000000002c698                pm_mutex_lock_first_available
 .text.pm_mutex_lock_status_get
                0x000000000002c710       0x20 _build/nrf52840_xxaa/pm_mutex.c.o
                0x000000000002c710                pm_mutex_lock_status_get
 .text.sd_ble_gap_authenticate
                0x000000000002c730        0x4 _build/nrf52840_xxaa/security_dispatcher.c.o
 .text.sd_ble_gap_sec_params_reply
                0x000000000002c734        0x4 _build/nrf52840_xxaa/security_dispatcher.c.o
 .text.sd_ble_gap_sec_info_reply
                0x000000000002c738        0x4 _build/nrf52840_xxaa/security_dispatcher.c.o
 .text.smd_conn_sec_config_reply
                0x000000000002c73c       0x10 _build/nrf52840_xxaa/security_dispatcher.c.o
                0x000000000002c73c                smd_conn_sec_config_reply
 .text.smd_init
                0x000000000002c74c       0x98 _build/nrf52840_xxaa/security_dispatcher.c.o
                0x000000000002c74c                smd_init
 .text.smd_params_reply
                0x000000000002c7e4      0x1c0 _build/nrf52840_xxaa/security_dispatcher.c.o
                0x000000000002c7e4                smd_params_reply
 .text.smd_link_secure
                0x000000000002c9a4       0x28 _build/nrf52840_xxaa/security_dispatcher.c.o
                0x000000000002c9a4                smd_link_secure
 .text.smd_ble_evt_handler
                0x000000000002c9cc      0x6a0 _build/nrf52840_xxaa/security_dispatcher.c.o
                0x000000000002c9cc                smd_ble_evt_handler
 .text.link_secure
                0x000000000002d06c      0x198 _build/nrf52840_xxaa/security_manager.c.o
 .text.smd_params_reply_perform
                0x000000000002d204      0x160 _build/nrf52840_xxaa/security_manager.c.o
 .text.sm_smd_evt_handler
                0x000000000002d364      0x1ac _build/nrf52840_xxaa/security_manager.c.o
                0x000000000002d364                sm_smd_evt_handler
 .text.sm_pdb_evt_handler
                0x000000000002d510      0x184 _build/nrf52840_xxaa/security_manager.c.o
                0x000000000002d510                sm_pdb_evt_handler
 .text.sm_init  0x000000000002d694       0xa4 _build/nrf52840_xxaa/security_manager.c.o
                0x000000000002d694                sm_init
 .text.sm_ble_evt_handler
                0x000000000002d738       0x80 _build/nrf52840_xxaa/security_manager.c.o
                0x000000000002d738                sm_ble_evt_handler
 .text.sm_sec_params_set
                0x000000000002d7b8       0x88 _build/nrf52840_xxaa/security_manager.c.o
                0x000000000002d7b8                sm_sec_params_set
 .text.sm_conn_sec_config_reply
                0x000000000002d840        0x4 _build/nrf52840_xxaa/security_manager.c.o
                0x000000000002d840                sm_conn_sec_config_reply
 .text          0x000000000002d844       0x3c _build/nrf52840_xxaa/gcc_startup_nrf52840.S.o
                0x000000000002d844                Reset_Handler
                0x000000000002d86c                NMI_Handler
                0x000000000002d86e                HardFault_Handler
                0x000000000002d870                MemoryManagement_Handler
                0x000000000002d872                BusFault_Handler
                0x000000000002d874                UsageFault_Handler
                0x000000000002d876                SVC_Handler
                0x000000000002d878                DebugMon_Handler
                0x000000000002d87a                PendSV_Handler
                0x000000000002d87c                SysTick_Handler
                0x000000000002d87e                TIMER2_IRQHandler
                0x000000000002d87e                RTC0_IRQHandler
                0x000000000002d87e                PWM1_IRQHandler
                0x000000000002d87e                RADIO_IRQHandler
                0x000000000002d87e                PDM_IRQHandler
                0x000000000002d87e                TEMP_IRQHandler
                0x000000000002d87e                QDEC_IRQHandler
                0x000000000002d87e                TIMER3_IRQHandler
                0x000000000002d87e                PWM3_IRQHandler
                0x000000000002d87e                FPU_IRQHandler
                0x000000000002d87e                USBD_IRQHandler
                0x000000000002d87e                SPIM0_SPIS0_TWIM0_TWIS0_SPI0_TWI0_IRQHandler
                0x000000000002d87e                TIMER4_IRQHandler
                0x000000000002d87e                CRYPTOCELL_IRQHandler
                0x000000000002d87e                I2S_IRQHandler
                0x000000000002d87e                SWI4_EGU4_IRQHandler
                0x000000000002d87e                TIMER0_IRQHandler
                0x000000000002d87e                UARTE1_IRQHandler
                0x000000000002d87e                TIMER1_IRQHandler
                0x000000000002d87e                SPIM3_IRQHandler
                0x000000000002d87e                PWM2_IRQHandler
                0x000000000002d87e                ECB_IRQHandler
                0x000000000002d87e                SPIM1_SPIS1_TWIM1_TWIS1_SPI1_TWI1_IRQHandler
                0x000000000002d87e                Default_Handler
                0x000000000002d87e                SAADC_IRQHandler
                0x000000000002d87e                CCM_AAR_IRQHandler
                0x000000000002d87e                WDT_IRQHandler
                0x000000000002d87e                SWI5_EGU5_IRQHandler
                0x000000000002d87e                RNG_IRQHandler
                0x000000000002d87e                RTC2_IRQHandler
                0x000000000002d87e                PWM0_IRQHandler
                0x000000000002d87e                SWI3_EGU3_IRQHandler
                0x000000000002d87e                SWI1_EGU1_IRQHandler
                0x000000000002d87e                SPIM2_SPIS2_SPI2_IRQHandler
                0x000000000002d87e                NFCT_IRQHandler
                0x000000000002d87e                MWU_IRQHandler
                0x000000000002d87e                QSPI_IRQHandler
                0x000000000002d87e                COMP_LPCOMP_IRQHandler
 .text.SystemInit
                0x000000000002d880      0x1bc _build/nrf52840_xxaa/system_nrf52840.c.o
                0x000000000002d880                SystemInit
 .text.sd_ble_gatts_service_add
                0x000000000002da3c        0x4 _build/nrf52840_xxaa/ble_bas.c.o
 .text.sd_ble_gatts_characteristic_add
                0x000000000002da40        0x4 _build/nrf52840_xxaa/ble_bas.c.o
 .text.sd_ble_gatts_descriptor_add
                0x000000000002da44        0x4 _build/nrf52840_xxaa/ble_bas.c.o
 .text.sd_ble_gatts_value_set
                0x000000000002da48        0x4 _build/nrf52840_xxaa/ble_bas.c.o
 .text.sd_ble_gatts_hvx
                0x000000000002da4c        0x4 _build/nrf52840_xxaa/ble_bas.c.o
 .text.ble_bas_on_ble_evt
                0x000000000002da50       0x5c _build/nrf52840_xxaa/ble_bas.c.o
                0x000000000002da50                ble_bas_on_ble_evt
 .text.ble_bas_init
                0x000000000002daac      0x1a8 _build/nrf52840_xxaa/ble_bas.c.o
                0x000000000002daac                ble_bas_init
 .text.ble_bas_battery_level_update
                0x000000000002dc54       0x8c _build/nrf52840_xxaa/ble_bas.c.o
                0x000000000002dc54                ble_bas_battery_level_update
 .text.sd_ble_gatts_service_add
                0x000000000002dce0        0x4 _build/nrf52840_xxaa/ble_dis.c.o
 .text.sd_ble_gatts_characteristic_add
                0x000000000002dce4        0x4 _build/nrf52840_xxaa/ble_dis.c.o
 .text.char_add
                0x000000000002dce8       0xb8 _build/nrf52840_xxaa/ble_dis.c.o
 .text.ble_dis_init
                0x000000000002dda0      0x2d4 _build/nrf52840_xxaa/ble_dis.c.o
                0x000000000002dda0                ble_dis_init
 .text.sd_ble_gatts_service_add
                0x000000000002e074        0x4 _build/nrf52840_xxaa/ble_hids.c.o
 .text.sd_ble_gatts_include_add
                0x000000000002e078        0x4 _build/nrf52840_xxaa/ble_hids.c.o
 .text.sd_ble_gatts_characteristic_add
                0x000000000002e07c        0x4 _build/nrf52840_xxaa/ble_hids.c.o
 .text.sd_ble_gatts_descriptor_add
                0x000000000002e080        0x4 _build/nrf52840_xxaa/ble_hids.c.o
 .text.sd_ble_gatts_value_set
                0x000000000002e084        0x4 _build/nrf52840_xxaa/ble_hids.c.o
 .text.sd_ble_gatts_hvx
                0x000000000002e088        0x4 _build/nrf52840_xxaa/ble_hids.c.o
 .text.sd_ble_uuid_encode
                0x000000000002e08c        0x4 _build/nrf52840_xxaa/ble_hids.c.o
 .text.rep_char_add.isra.9
                0x000000000002e090      0x154 _build/nrf52840_xxaa/ble_hids.c.o
 .text.unlikely.boot_inp_rep_char_add.isra.7.constprop.13
                0x000000000002e1e4       0xd4 _build/nrf52840_xxaa/ble_hids.c.o
 .text.ble_hids_on_ble_evt
                0x000000000002e2b8      0x738 _build/nrf52840_xxaa/ble_hids.c.o
                0x000000000002e2b8                ble_hids_on_ble_evt
 .text.ble_hids_init
                0x000000000002e9f0      0x638 _build/nrf52840_xxaa/ble_hids.c.o
                0x000000000002e9f0                ble_hids_init
 .text.ble_hids_inp_rep_send
                0x000000000002f028       0x74 _build/nrf52840_xxaa/ble_hids.c.o
                0x000000000002f028                ble_hids_inp_rep_send
 .text.ble_hids_boot_mouse_inp_rep_send
                0x000000000002f09c       0x8c _build/nrf52840_xxaa/ble_hids.c.o
                0x000000000002f09c                ble_hids_boot_mouse_inp_rep_send
 .text.sd_softdevice_enable
                0x000000000002f128        0x4 _build/nrf52840_xxaa/nrf_sdh.c.o
 .text.sd_softdevice_disable
                0x000000000002f12c        0x4 _build/nrf52840_xxaa/nrf_sdh.c.o
 .text.appsh_events_poll
                0x000000000002f130       0x2c _build/nrf52840_xxaa/nrf_sdh.c.o
 .text.nrf_sdh_enable_request
                0x000000000002f15c      0x100 _build/nrf52840_xxaa/nrf_sdh.c.o
                0x000000000002f15c                nrf_sdh_enable_request
 .text.nrf_sdh_request_continue
                0x000000000002f25c       0xd0 _build/nrf52840_xxaa/nrf_sdh.c.o
                0x000000000002f25c                nrf_sdh_request_continue
 .text.nrf_sdh_is_enabled
                0x000000000002f32c        0xc _build/nrf52840_xxaa/nrf_sdh.c.o
                0x000000000002f32c                nrf_sdh_is_enabled
 .text.SWI2_EGU2_IRQHandler
                0x000000000002f338       0x1c _build/nrf52840_xxaa/nrf_sdh.c.o
                0x000000000002f338                SWI2_EGU2_IRQHandler
 .text.sd_ble_enable
                0x000000000002f354        0x4 _build/nrf52840_xxaa/nrf_sdh_ble.c.o
 .text.sd_ble_cfg_set
                0x000000000002f358        0x4 _build/nrf52840_xxaa/nrf_sdh_ble.c.o
 .text.sd_ble_evt_get
                0x000000000002f35c        0x4 _build/nrf52840_xxaa/nrf_sdh_ble.c.o
 .text.nrf_sdh_ble_evts_poll
                0x000000000002f360       0x4c _build/nrf52840_xxaa/nrf_sdh_ble.c.o
 .text.nrf_sdh_ble_default_cfg_set
                0x000000000002f3ac      0x164 _build/nrf52840_xxaa/nrf_sdh_ble.c.o
                0x000000000002f3ac                nrf_sdh_ble_default_cfg_set
 .text.nrf_sdh_ble_enable
                0x000000000002f510       0x74 _build/nrf52840_xxaa/nrf_sdh_ble.c.o
                0x000000000002f510                nrf_sdh_ble_enable
 .text.sd_evt_get
                0x000000000002f584        0x4 _build/nrf52840_xxaa/nrf_sdh_soc.c.o
 .text.nrf_sdh_soc_evts_poll
                0x000000000002f588       0x4c _build/nrf52840_xxaa/nrf_sdh_soc.c.o
 .text.sd_power_system_off
                0x000000000002f5d4        0x4 _build/nrf52840_xxaa/bluetooth.c.o
 .text.sd_ble_gap_disconnect
                0x000000000002f5d8        0x4 _build/nrf52840_xxaa/bluetooth.c.o
 .text.sd_ble_gap_appearance_set
                0x000000000002f5dc        0x4 _build/nrf52840_xxaa/bluetooth.c.o
 .text.sd_ble_gap_ppcp_set
                0x000000000002f5e0        0x4 _build/nrf52840_xxaa/bluetooth.c.o
 .text.sd_ble_gap_device_name_set
                0x000000000002f5e4        0x4 _build/nrf52840_xxaa/bluetooth.c.o
 .text.sd_ble_gatts_rw_authorize_reply
                0x000000000002f5e8        0x4 _build/nrf52840_xxaa/bluetooth.c.o
 .text.sd_ble_user_mem_reply
                0x000000000002f5ec        0x4 _build/nrf52840_xxaa/bluetooth.c.o
 .text.on_hids_evt
                0x000000000002f5f0       0x20 _build/nrf52840_xxaa/bluetooth.c.o
 .text.service_error_handler
                0x000000000002f610        0x4 _build/nrf52840_xxaa/bluetooth.c.o
 .text.battery_level_meas_timeout_handler
                0x000000000002f614       0x40 _build/nrf52840_xxaa/bluetooth.c.o
 .text.ble_evt_handler
                0x000000000002f654       0xcc _build/nrf52840_xxaa/bluetooth.c.o
 .text.on_adv_evt
                0x000000000002f720      0x170 _build/nrf52840_xxaa/bluetooth.c.o
 .text.advertising_start.part.0
                0x000000000002f890       0x94 _build/nrf52840_xxaa/bluetooth.c.o
 .text.pm_evt_handler
                0x000000000002f924      0x124 _build/nrf52840_xxaa/bluetooth.c.o
 .text.conn_params_error_handler
                0x000000000002fa48        0x4 _build/nrf52840_xxaa/bluetooth.c.o
 .text.ble_advertising_error_handler
                0x000000000002fa4c        0x4 _build/nrf52840_xxaa/bluetooth.c.o
 .text.bsp_event_handler
                0x000000000002fa50      0x170 _build/nrf52840_xxaa/bluetooth.c.o
 .text.advertising_start
                0x000000000002fbc0       0x30 _build/nrf52840_xxaa/bluetooth.c.o
                0x000000000002fbc0                advertising_start
 .text.timers_start
                0x000000000002fbf0       0x20 _build/nrf52840_xxaa/bluetooth.c.o
                0x000000000002fbf0                timers_start
 .text.bluetooth_init
                0x000000000002fc10      0x3ac _build/nrf52840_xxaa/bluetooth.c.o
                0x000000000002fc10                bluetooth_init
 .text.exit     0x000000000002ffbc       0x28 /home/nvparrish-mint/opt/gcc-arm-none-eabi-7-2017-q4-major/bin/../lib/gcc/arm-none-eabi/7.2.1/../../../../arm-none-eabi/lib/thumb/v7e-m/fpv4-sp/hard/libc_nano.a(lib_a-exit.o)
                0x000000000002ffbc                exit
 .text.__libc_init_array
                0x000000000002ffe4       0x48 /home/nvparrish-mint/opt/gcc-arm-none-eabi-7-2017-q4-major/bin/../lib/gcc/arm-none-eabi/7.2.1/../../../../arm-none-eabi/lib/thumb/v7e-m/fpv4-sp/hard/libc_nano.a(lib_a-init.o)
                0x000000000002ffe4                __libc_init_array
 .text.__locale_ctype_ptr
                0x000000000003002c       0x1c /home/nvparrish-mint/opt/gcc-arm-none-eabi-7-2017-q4-major/bin/../lib/gcc/arm-none-eabi/7.2.1/../../../../arm-none-eabi/lib/thumb/v7e-m/fpv4-sp/hard/libc_nano.a(lib_a-locale.o)
                0x000000000003002c                __locale_ctype_ptr
 .text.__ascii_mbtowc
                0x0000000000030048       0x24 /home/nvparrish-mint/opt/gcc-arm-none-eabi-7-2017-q4-major/bin/../lib/gcc/arm-none-eabi/7.2.1/../../../../arm-none-eabi/lib/thumb/v7e-m/fpv4-sp/hard/libc_nano.a(lib_a-mbtowc_r.o)
                0x0000000000030048                __ascii_mbtowc
 .text.memcmp   0x000000000003006c       0x1e /home/nvparrish-mint/opt/gcc-arm-none-eabi-7-2017-q4-major/bin/../lib/gcc/arm-none-eabi/7.2.1/../../../../arm-none-eabi/lib/thumb/v7e-m/fpv4-sp/hard/libc_nano.a(lib_a-memcmp.o)
                0x000000000003006c                memcmp
 .text.memcpy   0x000000000003008a       0x16 /home/nvparrish-mint/opt/gcc-arm-none-eabi-7-2017-q4-major/bin/../lib/gcc/arm-none-eabi/7.2.1/../../../../arm-none-eabi/lib/thumb/v7e-m/fpv4-sp/hard/libc_nano.a(lib_a-memcpy-stub.o)
                0x000000000003008a                memcpy
 .text.memset   0x00000000000300a0       0x10 /home/nvparrish-mint/opt/gcc-arm-none-eabi-7-2017-q4-major/bin/../lib/gcc/arm-none-eabi/7.2.1/../../../../arm-none-eabi/lib/thumb/v7e-m/fpv4-sp/hard/libc_nano.a(lib_a-memset.o)
                0x00000000000300a0                memset
 .text          0x00000000000300b0       0x10 /home/nvparrish-mint/opt/gcc-arm-none-eabi-7-2017-q4-major/bin/../lib/gcc/arm-none-eabi/7.2.1/../../../../arm-none-eabi/lib/thumb/v7e-m/fpv4-sp/hard/libc_nano.a(lib_a-strlen.o)
                0x00000000000300b0                strlen
 .text.__ascii_wctomb
                0x00000000000300c0       0x1a /home/nvparrish-mint/opt/gcc-arm-none-eabi-7-2017-q4-major/bin/../lib/gcc/arm-none-eabi/7.2.1/../../../../arm-none-eabi/lib/thumb/v7e-m/fpv4-sp/hard/libc_nano.a(lib_a-wctomb_r.o)
                0x00000000000300c0                __ascii_wctomb
 *fill*         0x00000000000300da        0x2 
 .text._exit    0x00000000000300dc        0x4 /home/nvparrish-mint/opt/gcc-arm-none-eabi-7-2017-q4-major/bin/../lib/gcc/arm-none-eabi/7.2.1/../../../../arm-none-eabi/lib/thumb/v7e-m/fpv4-sp/hard/libnosys.a(_exit.o)
                0x00000000000300dc                _exit
 .text          0x00000000000300e0       0x30 /home/nvparrish-mint/opt/gcc-arm-none-eabi-7-2017-q4-major/bin/../lib/gcc/arm-none-eabi/7.2.1/thumb/v7e-m/fpv4-sp/hard/libgcc.a(_aeabi_uldivmod.o)
                0x00000000000300e0                __aeabi_uldivmod
 .text          0x0000000000030110      0x2cc /home/nvparrish-mint/opt/gcc-arm-none-eabi-7-2017-q4-major/bin/../lib/gcc/arm-none-eabi/7.2.1/thumb/v7e-m/fpv4-sp/hard/libgcc.a(_udivmoddi4.o)
                0x0000000000030110                __udivmoddi4
 .text          0x00000000000303dc        0x4 /home/nvparrish-mint/opt/gcc-arm-none-eabi-7-2017-q4-major/bin/../lib/gcc/arm-none-eabi/7.2.1/thumb/v7e-m/fpv4-sp/hard/libgcc.a(_dvmd_tls.o)
                0x00000000000303dc                __aeabi_ldiv0
                0x00000000000303dc                __aeabi_idiv0
 *(.init)
 .init          0x00000000000303e0        0x4 /home/nvparrish-mint/opt/gcc-arm-none-eabi-7-2017-q4-major/bin/../lib/gcc/arm-none-eabi/7.2.1/thumb/v7e-m/fpv4-sp/hard/crti.o
                0x00000000000303e0                _init
 .init          0x00000000000303e4        0x8 /home/nvparrish-mint/opt/gcc-arm-none-eabi-7-2017-q4-major/bin/../lib/gcc/arm-none-eabi/7.2.1/thumb/v7e-m/fpv4-sp/hard/crtn.o
 *(.fini)
 .fini          0x00000000000303ec        0x4 /home/nvparrish-mint/opt/gcc-arm-none-eabi-7-2017-q4-major/bin/../lib/gcc/arm-none-eabi/7.2.1/thumb/v7e-m/fpv4-sp/hard/crti.o
                0x00000000000303ec                _fini
 .fini          0x00000000000303f0        0x8 /home/nvparrish-mint/opt/gcc-arm-none-eabi-7-2017-q4-major/bin/../lib/gcc/arm-none-eabi/7.2.1/thumb/v7e-m/fpv4-sp/hard/crtn.o
 *crtbegin.o(.ctors)
 *crtbegin?.o(.ctors)
 *(EXCLUDE_FILE(*crtend.o *crtend?.o) .ctors)
 *(SORT_BY_NAME(.ctors.*))
 *(.ctors)
 *crtbegin.o(.dtors)
 *crtbegin?.o(.dtors)
 *(EXCLUDE_FILE(*crtend.o *crtend?.o) .dtors)
 *(SORT_BY_NAME(.dtors.*))
 *(.dtors)
 *(.rodata*)
 .rodata        0x00000000000303f8       0x20 _build/nrf52840_xxaa/nrf_log_backend_uart.c.o
 .rodata.nrf_log_backend_uart_api
                0x0000000000030418        0xc _build/nrf52840_xxaa/nrf_log_backend_uart.c.o
                0x0000000000030418                nrf_log_backend_uart_api
 .rodata.mempool
                0x0000000000030424       0x14 _build/nrf52840_xxaa/nrf_log_frontend.c.o
 .rodata.str1.4
                0x0000000000030438        0x4 _build/nrf52840_xxaa/nrf_log_frontend.c.o
 .rodata.m_colors
                0x000000000003043c       0x24 _build/nrf52840_xxaa/nrf_log_str_formatter.c.o
 .rodata.nrf_log_hexdump_entry_process.str1.4
                0x0000000000030460       0x13 _build/nrf52840_xxaa/nrf_log_str_formatter.c.o
                                         0x16 (size before relaxing)
 *fill*         0x0000000000030473        0x1 
 .rodata.nrf_log_std_entry_process.str1.4
                0x0000000000030474       0x1b _build/nrf52840_xxaa/nrf_log_str_formatter.c.o
 *fill*         0x000000000003048f        0x1 
 .rodata.severity_names
                0x0000000000030490       0x14 _build/nrf52840_xxaa/nrf_log_str_formatter.c.o
 .rodata.str1.4
                0x00000000000304a4       0x5e _build/nrf52840_xxaa/nrf_log_str_formatter.c.o
 *fill*         0x0000000000030502        0x2 
 .rodata.m_detection_delay_timer_id
                0x0000000000030504        0x4 _build/nrf52840_xxaa/app_button.c.o
 .rodata.app_error_fault_handler.str1.4
                0x0000000000030508       0x19 _build/nrf52840_xxaa/app_error_weak.c.o
 *fill*         0x0000000000030521        0x3 
 .rodata.dirty_header.9254
                0x0000000000030524        0x4 _build/nrf52840_xxaa/fds.c.o
 .rodata.page_tag_data.9127
                0x0000000000030528        0x8 _build/nrf52840_xxaa/fds.c.o
 .rodata.page_tag_swap.9123
                0x0000000000030530        0x8 _build/nrf52840_xxaa/fds.c.o
 .rodata.str1.4
                0x0000000000030538        0x7 _build/nrf52840_xxaa/nrf_balloc.c.o
 *fill*         0x000000000003053f        0x1 
 .rodata._aV2C.8189
                0x0000000000030540       0x10 _build/nrf52840_xxaa/nrf_fprintf_format.c.o
 .rodata.m_flash_info
                0x0000000000030550        0xc _build/nrf52840_xxaa/nrf_fstorage_sd.c.o
 .rodata.nrf_fstorage_sd
                0x000000000003055c       0x20 _build/nrf52840_xxaa/nrf_fstorage_sd.c.o
                0x000000000003055c                nrf_fstorage_sd
 .rodata.str1.4
                0x000000000003057c        0x9 _build/nrf52840_xxaa/nrf_pwr_mgmt.c.o
 *fill*         0x0000000000030585        0x3 
 .rodata.m_unknown_str
                0x0000000000030588       0x13 _build/nrf52840_xxaa/nrf_strerror.c.o
 *fill*         0x000000000003059b        0x1 
 .rodata.nrf_strerror_array
                0x000000000003059c       0xf0 _build/nrf52840_xxaa/nrf_strerror.c.o
 .rodata.str1.4
                0x000000000003068c      0x308 _build/nrf52840_xxaa/nrf_strerror.c.o
 .rodata.m_board_btn_list
                0x0000000000030994        0x4 _build/nrf52840_xxaa/boards.c.o
 .rodata.m_board_led_list
                0x0000000000030998        0x4 _build/nrf52840_xxaa/boards.c.o
 .rodata.str1.4
                0x000000000003099c        0x6 _build/nrf52840_xxaa/nrf_drv_clock.c.o
 *fill*         0x00000000000309a2        0x2 
 .rodata.str1.4
                0x00000000000309a4        0x7 _build/nrf52840_xxaa/nrf_drv_gpiote.c.o
 *fill*         0x00000000000309ab        0x1 
 .rodata.str1.4
                0x00000000000309ac        0x5 _build/nrf52840_xxaa/nrf_drv_uart.c.o
 *fill*         0x00000000000309b1        0x3 
 .rodata.app_buttons
                0x00000000000309b4       0x20 _build/nrf52840_xxaa/bsp.c.o
 .rodata.m_alert_timer_id
                0x00000000000309d4        0x4 _build/nrf52840_xxaa/bsp.c.o
 .rodata.m_button_timer_id
                0x00000000000309d8        0x4 _build/nrf52840_xxaa/bsp.c.o
 .rodata.m_leds_timer_id
                0x00000000000309dc        0x4 _build/nrf52840_xxaa/bsp.c.o
 .rodata.main.str1.4
                0x00000000000309e0       0x1b _build/nrf52840_xxaa/main.c.o
 *fill*         0x00000000000309fb        0x1 
 .rodata        0x00000000000309fc       0x10 _build/nrf52840_xxaa/gatts_cache_manager.c.o
 .rodata.service_changed_pending.10023
                0x0000000000030a0c        0x4 _build/nrf52840_xxaa/gatts_cache_manager.c.o
 .rodata.service_changed_pending.9967
                0x0000000000030a10        0x4 _build/nrf52840_xxaa/gatts_cache_manager.c.o
 .rodata.nrf_ble_gatt_on_ble_evt.str1.4
                0x0000000000030a14      0x130 _build/nrf52840_xxaa/nrf_ble_gatt.c.o
 .rodata.str1.4
                0x0000000000030b44        0x9 _build/nrf52840_xxaa/nrf_ble_gatt.c.o
 *fill*         0x0000000000030b4d        0x3 
 .rodata        0x0000000000030b50        0x4 _build/nrf52840_xxaa/nrf_sdh.c.o
 .rodata.sdh_req_observers
                0x0000000000030b54        0xc _build/nrf52840_xxaa/nrf_sdh.c.o
 .rodata.sdh_stack_observers
                0x0000000000030b60        0xc _build/nrf52840_xxaa/nrf_sdh.c.o
 .rodata.sdh_state_observers
                0x0000000000030b6c        0xc _build/nrf52840_xxaa/nrf_sdh.c.o
 .rodata.str1.4
                0x0000000000030b78        0x8 _build/nrf52840_xxaa/nrf_sdh.c.o
 .rodata.nrf_sdh_ble_default_cfg_set.str1.4
                0x0000000000030b80      0x187 _build/nrf52840_xxaa/nrf_sdh_ble.c.o
 *fill*         0x0000000000030d07        0x1 
 .rodata.nrf_sdh_ble_enable.str1.4
                0x0000000000030d08       0x71 _build/nrf52840_xxaa/nrf_sdh_ble.c.o
 *fill*         0x0000000000030d79        0x3 
 .rodata.sdh_ble_observers
                0x0000000000030d7c        0xc _build/nrf52840_xxaa/nrf_sdh_ble.c.o
 .rodata.str1.4
                0x0000000000030d88        0xc _build/nrf52840_xxaa/nrf_sdh_ble.c.o
 .rodata.sdh_soc_observers
                0x0000000000030d94        0xc _build/nrf52840_xxaa/nrf_sdh_soc.c.o
 .rodata.str1.4
                0x0000000000030da0        0xc _build/nrf52840_xxaa/nrf_sdh_soc.c.o
 .rodata.advertising_start.str1.4
                0x0000000000030dac        0xd _build/nrf52840_xxaa/bluetooth.c.o
 *fill*         0x0000000000030db9        0x3 
 .rodata.ble_evt_handler.str1.4
                0x0000000000030dbc       0x19 _build/nrf52840_xxaa/bluetooth.c.o
 *fill*         0x0000000000030dd5        0x3 
 .rodata.bluetooth_init.str1.4
                0x0000000000030dd8       0x1c _build/nrf52840_xxaa/bluetooth.c.o
 .rodata.m_battery_timer_id
                0x0000000000030df4        0x4 _build/nrf52840_xxaa/bluetooth.c.o
 .rodata.on_adv_evt.str1.4
                0x0000000000030df8       0x85 _build/nrf52840_xxaa/bluetooth.c.o
 *fill*         0x0000000000030e7d        0x3 
 .rodata.pm_evt_handler.str1.4
                0x0000000000030e80       0xd0 _build/nrf52840_xxaa/bluetooth.c.o
                                         0xcd (size before relaxing)
 .rodata._global_impure_ptr
                0x0000000000030f50        0x4 /home/nvparrish-mint/opt/gcc-arm-none-eabi-7-2017-q4-major/bin/../lib/gcc/arm-none-eabi/7.2.1/../../../../arm-none-eabi/lib/thumb/v7e-m/fpv4-sp/hard/libc_nano.a(lib_a-impure.o)
                0x0000000000030f50                _global_impure_ptr
 .rodata._setlocale_r.str1.1
                0x0000000000030f54        0x8 /home/nvparrish-mint/opt/gcc-arm-none-eabi-7-2017-q4-major/bin/../lib/gcc/arm-none-eabi/7.2.1/../../../../arm-none-eabi/lib/thumb/v7e-m/fpv4-sp/hard/libc_nano.a(lib_a-locale.o)
                                          0x9 (size before relaxing)
 .rodata.str1.1
                0x0000000000030f5c        0x2 /home/nvparrish-mint/opt/gcc-arm-none-eabi-7-2017-q4-major/bin/../lib/gcc/arm-none-eabi/7.2.1/../../../../arm-none-eabi/lib/thumb/v7e-m/fpv4-sp/hard/libc_nano.a(lib_a-locale.o)
 .rodata._ctype_
                0x0000000000030f5e      0x101 /home/nvparrish-mint/opt/gcc-arm-none-eabi-7-2017-q4-major/bin/../lib/gcc/arm-none-eabi/7.2.1/../../../../arm-none-eabi/lib/thumb/v7e-m/fpv4-sp/hard/libc_nano.a(lib_a-ctype_.o)
                0x0000000000030f5e                _ctype_
 *(.eh_frame*)
 *fill*         0x000000000003105f        0x1 
 .eh_frame      0x0000000000031060        0x0 /home/nvparrish-mint/opt/gcc-arm-none-eabi-7-2017-q4-major/bin/../lib/gcc/arm-none-eabi/7.2.1/thumb/v7e-m/fpv4-sp/hard/crtbegin.o
 .eh_frame      0x0000000000031060        0x4 /home/nvparrish-mint/opt/gcc-arm-none-eabi-7-2017-q4-major/bin/../lib/gcc/arm-none-eabi/7.2.1/thumb/v7e-m/fpv4-sp/hard/crtend.o

.glue_7         0x0000000000031064        0x0
 .glue_7        0x0000000000031064        0x0 linker stubs

.glue_7t        0x0000000000031064        0x0
 .glue_7t       0x0000000000031064        0x0 linker stubs

.vfp11_veneer   0x0000000000031064        0x0
 .vfp11_veneer  0x0000000000031064        0x0 linker stubs

.v4_bx          0x0000000000031064        0x0
 .v4_bx         0x0000000000031064        0x0 linker stubs

.iplt           0x0000000000031064        0x0
 .iplt          0x0000000000031064        0x0 /home/nvparrish-mint/opt/gcc-arm-none-eabi-7-2017-q4-major/bin/../lib/gcc/arm-none-eabi/7.2.1/thumb/v7e-m/fpv4-sp/hard/crtbegin.o

.mem_section_dummy_rom

.sdh_soc_observers
                0x0000000000031064       0x18
                0x0000000000031064                PROVIDE (__start_sdh_soc_observers, .)
 *(SORT_BY_NAME(.sdh_soc_observers*))
 .sdh_soc_observers0
                0x0000000000031064        0x8 _build/nrf52840_xxaa/nrf_fstorage_sd.c.o
 .sdh_soc_observers0
                0x000000000003106c        0x8 _build/nrf52840_xxaa/nrf_drv_clock.c.o
 .sdh_soc_observers1
                0x0000000000031074        0x8 _build/nrf52840_xxaa/bluetooth.c.o
                0x000000000003107c                PROVIDE (__stop_sdh_soc_observers, .)

.pwr_mgmt_data  0x000000000003107c        0x0
                0x000000000003107c                PROVIDE (__start_pwr_mgmt_data, .)
 *(SORT_BY_NAME(.pwr_mgmt_data*))
                0x000000000003107c                PROVIDE (__stop_pwr_mgmt_data, .)

.sdh_ble_observers
                0x000000000003107c       0x48
                0x000000000003107c                PROVIDE (__start_sdh_ble_observers, .)
 *(SORT_BY_NAME(.sdh_ble_observers*))
 .sdh_ble_observers0
                0x000000000003107c        0x8 _build/nrf52840_xxaa/ble_conn_state.c.o
 .sdh_ble_observers1
                0x0000000000031084        0x8 _build/nrf52840_xxaa/bsp_btn_ble.c.o
 .sdh_ble_observers1
                0x000000000003108c        0x8 _build/nrf52840_xxaa/ble_conn_params.c.o
 .sdh_ble_observers1
                0x0000000000031094        0x8 _build/nrf52840_xxaa/peer_manager.c.o
 .sdh_ble_observers1
                0x000000000003109c       0x10 _build/nrf52840_xxaa/bluetooth.c.o
 .sdh_ble_observers2
                0x00000000000310ac       0x10 _build/nrf52840_xxaa/bluetooth.c.o
 .sdh_ble_observers3
                0x00000000000310bc        0x8 _build/nrf52840_xxaa/bluetooth.c.o
                0x00000000000310c4                PROVIDE (__stop_sdh_ble_observers, .)

.log_const_data
                0x00000000000310c4       0x50
                0x00000000000310c4                PROVIDE (__start_log_const_data, .)
 *(SORT_BY_NAME(.log_const_data*))
 .log_const_data_app
                0x00000000000310c4        0x8 _build/nrf52840_xxaa/nrf_log_frontend.c.o
                0x00000000000310c4                m_nrf_log_app_logs_data_const
 .log_const_data_balloc
                0x00000000000310cc        0x8 _build/nrf52840_xxaa/nrf_balloc.c.o
                0x00000000000310cc                m_nrf_log_balloc_logs_data_const
 .log_const_data_ble_gatt
                0x00000000000310d4        0x8 _build/nrf52840_xxaa/nrf_ble_gatt.c.o
                0x00000000000310d4                m_nrf_log_ble_gatt_logs_data_const
 .log_const_data_clock
                0x00000000000310dc        0x8 _build/nrf52840_xxaa/nrf_drv_clock.c.o
                0x00000000000310dc                m_nrf_log_clock_logs_data_const
 .log_const_data_gpiote
                0x00000000000310e4        0x8 _build/nrf52840_xxaa/nrf_drv_gpiote.c.o
                0x00000000000310e4                m_nrf_log_gpiote_logs_data_const
 .log_const_data_nrf_sdh
                0x00000000000310ec        0x8 _build/nrf52840_xxaa/nrf_sdh.c.o
                0x00000000000310ec                m_nrf_log_nrf_sdh_logs_data_const
 .log_const_data_nrf_sdh_ble
                0x00000000000310f4        0x8 _build/nrf52840_xxaa/nrf_sdh_ble.c.o
                0x00000000000310f4                m_nrf_log_nrf_sdh_ble_logs_data_const
 .log_const_data_nrf_sdh_soc
                0x00000000000310fc        0x8 _build/nrf52840_xxaa/nrf_sdh_soc.c.o
                0x00000000000310fc                m_nrf_log_nrf_sdh_soc_logs_data_const
 .log_const_data_pwr_mgmt
                0x0000000000031104        0x8 _build/nrf52840_xxaa/nrf_pwr_mgmt.c.o
                0x0000000000031104                m_nrf_log_pwr_mgmt_logs_data_const
 .log_const_data_uart
                0x000000000003110c        0x8 _build/nrf52840_xxaa/nrf_drv_uart.c.o
                0x000000000003110c                m_nrf_log_uart_logs_data_const
                0x0000000000031114                PROVIDE (__stop_log_const_data, .)

.sdh_req_observers
                0x0000000000031114        0x8
                0x0000000000031114                PROVIDE (__start_sdh_req_observers, .)
 *(SORT_BY_NAME(.sdh_req_observers*))
 .sdh_req_observers0
                0x0000000000031114        0x8 _build/nrf52840_xxaa/nrf_fstorage_sd.c.o
                0x0000000000031114                m_req_obs
                0x000000000003111c                PROVIDE (__stop_sdh_req_observers, .)

.sdh_state_observers
                0x000000000003111c       0x10
                0x000000000003111c                PROVIDE (__start_sdh_state_observers, .)
 *(SORT_BY_NAME(.sdh_state_observers*))
 .sdh_state_observers0
                0x000000000003111c        0x8 _build/nrf52840_xxaa/nrf_fstorage_sd.c.o
 .sdh_state_observers0
                0x0000000000031124        0x8 _build/nrf52840_xxaa/nrf_drv_clock.c.o
                0x000000000003112c                PROVIDE (__stop_sdh_state_observers, .)

.sdh_stack_observers
                0x000000000003112c       0x10
                0x000000000003112c                PROVIDE (__start_sdh_stack_observers, .)
 *(SORT_BY_NAME(.sdh_stack_observers*))
 .sdh_stack_observers0
                0x000000000003112c        0x8 _build/nrf52840_xxaa/nrf_sdh_ble.c.o
 .sdh_stack_observers0
                0x0000000000031134        0x8 _build/nrf52840_xxaa/nrf_sdh_soc.c.o
                0x000000000003113c                PROVIDE (__stop_sdh_stack_observers, .)

.cli_command    0x000000000003113c        0x0
                [!provide]                        PROVIDE (__start_cli_command, .)
 *(.cli_command)
                [!provide]                        PROVIDE (__stop_cli_command, .)

.ARM.extab
 *(.ARM.extab* .gnu.linkonce.armextab.*)
                0x000000000003113c                __exidx_start = .

.ARM.exidx      0x000000000003113c        0x8
 *(.ARM.exidx* .gnu.linkonce.armexidx.*)
 .ARM.exidx     0x000000000003113c        0x8 /home/nvparrish-mint/opt/gcc-arm-none-eabi-7-2017-q4-major/bin/../lib/gcc/arm-none-eabi/7.2.1/../../../../arm-none-eabi/lib/thumb/v7e-m/fpv4-sp/hard/crt0.o
 .ARM.exidx     0x0000000000031144        0x0 /home/nvparrish-mint/opt/gcc-arm-none-eabi-7-2017-q4-major/bin/../lib/gcc/arm-none-eabi/7.2.1/thumb/v7e-m/fpv4-sp/hard/libgcc.a(_udivmoddi4.o)
                                          0x8 (size before relaxing)
                0x0000000000031144                __exidx_end = .
                0x0000000000031144                __etext = .

.rel.dyn        0x0000000000031144        0x0
 .rel.iplt      0x0000000000031144        0x0 /home/nvparrish-mint/opt/gcc-arm-none-eabi-7-2017-q4-major/bin/../lib/gcc/arm-none-eabi/7.2.1/thumb/v7e-m/fpv4-sp/hard/crtbegin.o

.data           0x0000000020002088      0x28c load address 0x0000000000031144
                0x0000000020002088                __data_start__ = .
 *(vtable)
 *(.data*)
 .data.m_uart   0x0000000020002088        0x8 _build/nrf52840_xxaa/nrf_log_backend_uart.c.o
                0x0000000020002088                m_uart
 .data.uart_log_backend
                0x0000000020002090        0xc _build/nrf52840_xxaa/nrf_log_default_backends.c.o
 .data.m_flag_allow_repairing
                0x000000002000209c        0x1 _build/nrf52840_xxaa/security_dispatcher.c.o
 .data.m_flag_sec_proc
                0x000000002000209d        0x1 _build/nrf52840_xxaa/security_dispatcher.c.o
 .data.m_flag_sec_proc_bonding
                0x000000002000209e        0x1 _build/nrf52840_xxaa/security_dispatcher.c.o
 .data.m_flag_sec_proc_new_peer
                0x000000002000209f        0x1 _build/nrf52840_xxaa/security_dispatcher.c.o
 .data.m_flag_sec_proc_pairing
                0x00000000200020a0        0x1 _build/nrf52840_xxaa/security_dispatcher.c.o
 .data.m_flag_link_secure_force_repairing
                0x00000000200020a1        0x1 _build/nrf52840_xxaa/security_manager.c.o
 .data.m_flag_link_secure_null_params
                0x00000000200020a2        0x1 _build/nrf52840_xxaa/security_manager.c.o
 .data.m_flag_link_secure_pending_busy
                0x00000000200020a3        0x1 _build/nrf52840_xxaa/security_manager.c.o
 .data.m_flag_link_secure_pending_flash_full
                0x00000000200020a4        0x1 _build/nrf52840_xxaa/security_manager.c.o
 .data.m_flag_params_reply_pending_busy
                0x00000000200020a5        0x1 _build/nrf52840_xxaa/security_manager.c.o
 .data.m_flag_params_reply_pending_flash_full
                0x00000000200020a6        0x1 _build/nrf52840_xxaa/security_manager.c.o
 *fill*         0x00000000200020a7        0x1 
 .data.SystemCoreClock
                0x00000000200020a8        0x4 _build/nrf52840_xxaa/system_nrf52840.c.o
                0x00000000200020a8                SystemCoreClock
 .data.m_adv_uuids
                0x00000000200020ac        0x4 _build/nrf52840_xxaa/bluetooth.c.o
 .data.m_conn_handle
                0x00000000200020b0        0x2 _build/nrf52840_xxaa/bluetooth.c.o
 *fill*         0x00000000200020b2        0x2 
 .data.rep_map_data.12063
                0x00000000200020b4       0x88 _build/nrf52840_xxaa/bluetooth.c.o
 .data._impure_ptr
                0x000000002000213c        0x4 /home/nvparrish-mint/opt/gcc-arm-none-eabi-7-2017-q4-major/bin/../lib/gcc/arm-none-eabi/7.2.1/../../../../arm-none-eabi/lib/thumb/v7e-m/fpv4-sp/hard/libc_nano.a(lib_a-impure.o)
                0x000000002000213c                _impure_ptr
 .data.impure_data
                0x0000000020002140       0x60 /home/nvparrish-mint/opt/gcc-arm-none-eabi-7-2017-q4-major/bin/../lib/gcc/arm-none-eabi/7.2.1/../../../../arm-none-eabi/lib/thumb/v7e-m/fpv4-sp/hard/libc_nano.a(lib_a-impure.o)
 .data.__global_locale
                0x00000000200021a0      0x16c /home/nvparrish-mint/opt/gcc-arm-none-eabi-7-2017-q4-major/bin/../lib/gcc/arm-none-eabi/7.2.1/../../../../arm-none-eabi/lib/thumb/v7e-m/fpv4-sp/hard/libc_nano.a(lib_a-locale.o)
                0x00000000200021a0                __global_locale
                0x000000002000230c                . = ALIGN (0x4)
                0x000000002000230c                PROVIDE (__preinit_array_start, .)
 *(.preinit_array)
                0x000000002000230c                PROVIDE (__preinit_array_end, .)
                0x000000002000230c                . = ALIGN (0x4)
                0x000000002000230c                PROVIDE (__init_array_start, .)
 *(SORT_BY_NAME(.init_array.*))
 *(.init_array)
 .init_array    0x000000002000230c        0x4 /home/nvparrish-mint/opt/gcc-arm-none-eabi-7-2017-q4-major/bin/../lib/gcc/arm-none-eabi/7.2.1/thumb/v7e-m/fpv4-sp/hard/crtbegin.o
                0x0000000020002310                PROVIDE (__init_array_end, .)
                0x0000000020002310                . = ALIGN (0x4)
                [!provide]                        PROVIDE (__fini_array_start, .)
 *(SORT_BY_NAME(.fini_array.*))
 *(.fini_array)
 .fini_array    0x0000000020002310        0x4 /home/nvparrish-mint/opt/gcc-arm-none-eabi-7-2017-q4-major/bin/../lib/gcc/arm-none-eabi/7.2.1/thumb/v7e-m/fpv4-sp/hard/crtbegin.o
                [!provide]                        PROVIDE (__fini_array_end, .)
 *(.jcr*)
                0x0000000020002314                . = ALIGN (0x4)
                0x0000000020002314                __data_end__ = .
LOAD /home/nvparrish-mint/opt/gcc-arm-none-eabi-7-2017-q4-major/bin/../lib/gcc/arm-none-eabi/7.2.1/thumb/v7e-m/fpv4-sp/hard/crti.o
LOAD /home/nvparrish-mint/opt/gcc-arm-none-eabi-7-2017-q4-major/bin/../lib/gcc/arm-none-eabi/7.2.1/thumb/v7e-m/fpv4-sp/hard/crtbegin.o
LOAD /home/nvparrish-mint/opt/gcc-arm-none-eabi-7-2017-q4-major/bin/../lib/gcc/arm-none-eabi/7.2.1/../../../../arm-none-eabi/lib/thumb/v7e-m/fpv4-sp/hard/crt0.o
LOAD _build/nrf52840_xxaa/nrf_log_backend_rtt.c.o
LOAD _build/nrf52840_xxaa/nrf_log_backend_serial.c.o
LOAD _build/nrf52840_xxaa/nrf_log_backend_uart.c.o
LOAD _build/nrf52840_xxaa/nrf_log_default_backends.c.o
LOAD _build/nrf52840_xxaa/nrf_log_frontend.c.o
LOAD _build/nrf52840_xxaa/nrf_log_str_formatter.c.o
LOAD _build/nrf52840_xxaa/app_button.c.o
LOAD _build/nrf52840_xxaa/app_error.c.o
LOAD _build/nrf52840_xxaa/app_error_weak.c.o
LOAD _build/nrf52840_xxaa/app_scheduler.c.o
LOAD _build/nrf52840_xxaa/app_timer.c.o
LOAD _build/nrf52840_xxaa/app_util_platform.c.o
LOAD _build/nrf52840_xxaa/crc16.c.o
LOAD _build/nrf52840_xxaa/fds.c.o
LOAD _build/nrf52840_xxaa/hardfault_implementation.c.o
LOAD _build/nrf52840_xxaa/nrf_assert.c.o
LOAD _build/nrf52840_xxaa/nrf_atfifo.c.o
LOAD _build/nrf52840_xxaa/nrf_balloc.c.o
LOAD _build/nrf52840_xxaa/nrf_fprintf.c.o
LOAD _build/nrf52840_xxaa/nrf_fprintf_format.c.o
LOAD _build/nrf52840_xxaa/nrf_fstorage.c.o
LOAD _build/nrf52840_xxaa/nrf_fstorage_sd.c.o
LOAD _build/nrf52840_xxaa/nrf_memobj.c.o
LOAD _build/nrf52840_xxaa/nrf_pwr_mgmt.c.o
LOAD _build/nrf52840_xxaa/nrf_section_iter.c.o
LOAD _build/nrf52840_xxaa/nrf_strerror.c.o
LOAD _build/nrf52840_xxaa/sdk_mapped_flags.c.o
LOAD _build/nrf52840_xxaa/sensorsim.c.o
LOAD _build/nrf52840_xxaa/boards.c.o
LOAD _build/nrf52840_xxaa/nrf_drv_clock.c.o
LOAD _build/nrf52840_xxaa/nrf_drv_common.c.o
LOAD _build/nrf52840_xxaa/nrf_drv_gpiote.c.o
LOAD _build/nrf52840_xxaa/nrf_drv_uart.c.o
LOAD _build/nrf52840_xxaa/bsp.c.o
LOAD _build/nrf52840_xxaa/bsp_btn_ble.c.o
LOAD _build/nrf52840_xxaa/bsp_nfc.c.o
LOAD _build/nrf52840_xxaa/main.c.o
LOAD _build/nrf52840_xxaa/SEGGER_RTT.c.o
LOAD _build/nrf52840_xxaa/SEGGER_RTT_Syscalls_GCC.c.o
LOAD _build/nrf52840_xxaa/SEGGER_RTT_printf.c.o
LOAD _build/nrf52840_xxaa/ble_advdata.c.o
LOAD _build/nrf52840_xxaa/ble_advertising.c.o
LOAD _build/nrf52840_xxaa/ble_conn_params.c.o
LOAD _build/nrf52840_xxaa/ble_conn_state.c.o
LOAD _build/nrf52840_xxaa/ble_srv_common.c.o
LOAD _build/nrf52840_xxaa/gatt_cache_manager.c.o
LOAD _build/nrf52840_xxaa/gatts_cache_manager.c.o
LOAD _build/nrf52840_xxaa/id_manager.c.o
LOAD _build/nrf52840_xxaa/nrf_ble_gatt.c.o
LOAD _build/nrf52840_xxaa/peer_data_storage.c.o
LOAD _build/nrf52840_xxaa/peer_database.c.o
LOAD _build/nrf52840_xxaa/peer_id.c.o
LOAD _build/nrf52840_xxaa/peer_manager.c.o
LOAD _build/nrf52840_xxaa/pm_buffer.c.o
LOAD _build/nrf52840_xxaa/pm_mutex.c.o
LOAD _build/nrf52840_xxaa/security_dispatcher.c.o
LOAD _build/nrf52840_xxaa/security_manager.c.o
LOAD _build/nrf52840_xxaa/gcc_startup_nrf52840.S.o
LOAD _build/nrf52840_xxaa/system_nrf52840.c.o
LOAD _build/nrf52840_xxaa/ble_bas.c.o
LOAD _build/nrf52840_xxaa/ble_dis.c.o
LOAD _build/nrf52840_xxaa/ble_hids.c.o
LOAD _build/nrf52840_xxaa/nrf_sdh.c.o
LOAD _build/nrf52840_xxaa/nrf_sdh_ble.c.o
LOAD _build/nrf52840_xxaa/nrf_sdh_soc.c.o
LOAD _build/nrf52840_xxaa/bluetooth.c.o
LOAD /home/nvparrish-mint/opt/gcc-arm-none-eabi-7-2017-q4-major/bin/../lib/gcc/arm-none-eabi/7.2.1/../../../../arm-none-eabi/lib/thumb/v7e-m/fpv4-sp/hard/libc_nano.a
LOAD /home/nvparrish-mint/opt/gcc-arm-none-eabi-7-2017-q4-major/bin/../lib/gcc/arm-none-eabi/7.2.1/../../../../arm-none-eabi/lib/thumb/v7e-m/fpv4-sp/hard/libnosys.a
LOAD /home/nvparrish-mint/opt/gcc-arm-none-eabi-7-2017-q4-major/bin/../lib/gcc/arm-none-eabi/7.2.1/../../../../arm-none-eabi/lib/thumb/v7e-m/fpv4-sp/hard/libm.a
START GROUP
LOAD /home/nvparrish-mint/opt/gcc-arm-none-eabi-7-2017-q4-major/bin/../lib/gcc/arm-none-eabi/7.2.1/thumb/v7e-m/fpv4-sp/hard/libgcc.a
LOAD /home/nvparrish-mint/opt/gcc-arm-none-eabi-7-2017-q4-major/bin/../lib/gcc/arm-none-eabi/7.2.1/../../../../arm-none-eabi/lib/thumb/v7e-m/fpv4-sp/hard/libg_nano.a
LOAD /home/nvparrish-mint/opt/gcc-arm-none-eabi-7-2017-q4-major/bin/../lib/gcc/arm-none-eabi/7.2.1/../../../../arm-none-eabi/lib/thumb/v7e-m/fpv4-sp/hard/libc_nano.a
END GROUP
START GROUP
LOAD /home/nvparrish-mint/opt/gcc-arm-none-eabi-7-2017-q4-major/bin/../lib/gcc/arm-none-eabi/7.2.1/thumb/v7e-m/fpv4-sp/hard/libgcc.a
LOAD /home/nvparrish-mint/opt/gcc-arm-none-eabi-7-2017-q4-major/bin/../lib/gcc/arm-none-eabi/7.2.1/../../../../arm-none-eabi/lib/thumb/v7e-m/fpv4-sp/hard/libc_nano.a
END GROUP
LOAD /home/nvparrish-mint/opt/gcc-arm-none-eabi-7-2017-q4-major/bin/../lib/gcc/arm-none-eabi/7.2.1/thumb/v7e-m/fpv4-sp/hard/crtend.o
LOAD /home/nvparrish-mint/opt/gcc-arm-none-eabi-7-2017-q4-major/bin/../lib/gcc/arm-none-eabi/7.2.1/thumb/v7e-m/fpv4-sp/hard/crtn.o
START GROUP
LOAD /home/nvparrish-mint/opt/gcc-arm-none-eabi-7-2017-q4-major/bin/../lib/gcc/arm-none-eabi/7.2.1/thumb/v7e-m/fpv4-sp/hard/libgcc.a
LOAD /home/nvparrish-mint/opt/gcc-arm-none-eabi-7-2017-q4-major/bin/../lib/gcc/arm-none-eabi/7.2.1/../../../../arm-none-eabi/lib/thumb/v7e-m/fpv4-sp/hard/libc.a
LOAD /home/nvparrish-mint/opt/gcc-arm-none-eabi-7-2017-q4-major/bin/../lib/gcc/arm-none-eabi/7.2.1/../../../../arm-none-eabi/lib/thumb/v7e-m/fpv4-sp/hard/libnosys.a
END GROUP

.igot.plt       0x0000000020002314        0x0 load address 0x00000000000313d0
 .igot.plt      0x0000000020002314        0x0 /home/nvparrish-mint/opt/gcc-arm-none-eabi-7-2017-q4-major/bin/../lib/gcc/arm-none-eabi/7.2.1/thumb/v7e-m/fpv4-sp/hard/crtbegin.o
                0x0000000020002314                . = ALIGN (0x4)

.mem_section_dummy_ram

.log_dynamic_data
                0x0000000020002314       0x78 load address 0x00000000000313d0
                0x0000000020002314                PROVIDE (__start_log_dynamic_data, .)
 *(SORT_BY_NAME(.log_dynamic_data*))
 .log_dynamic_data_app
                0x0000000020002314        0xc _build/nrf52840_xxaa/nrf_log_frontend.c.o
                0x0000000020002314                m_nrf_log_app_logs_data_dynamic
 .log_dynamic_data_balloc
                0x0000000020002320        0xc _build/nrf52840_xxaa/nrf_balloc.c.o
                0x0000000020002320                m_nrf_log_balloc_logs_data_dynamic
 .log_dynamic_data_ble_gatt
                0x000000002000232c        0xc _build/nrf52840_xxaa/nrf_ble_gatt.c.o
                0x000000002000232c                m_nrf_log_ble_gatt_logs_data_dynamic
 .log_dynamic_data_clock
                0x0000000020002338        0xc _build/nrf52840_xxaa/nrf_drv_clock.c.o
                0x0000000020002338                m_nrf_log_clock_logs_data_dynamic
 .log_dynamic_data_gpiote
                0x0000000020002344        0xc _build/nrf52840_xxaa/nrf_drv_gpiote.c.o
                0x0000000020002344                m_nrf_log_gpiote_logs_data_dynamic
 .log_dynamic_data_nrf_sdh
                0x0000000020002350        0xc _build/nrf52840_xxaa/nrf_sdh.c.o
                0x0000000020002350                m_nrf_log_nrf_sdh_logs_data_dynamic
 .log_dynamic_data_nrf_sdh_ble
                0x000000002000235c        0xc _build/nrf52840_xxaa/nrf_sdh_ble.c.o
                0x000000002000235c                m_nrf_log_nrf_sdh_ble_logs_data_dynamic
 .log_dynamic_data_nrf_sdh_soc
                0x0000000020002368        0xc _build/nrf52840_xxaa/nrf_sdh_soc.c.o
                0x0000000020002368                m_nrf_log_nrf_sdh_soc_logs_data_dynamic
 .log_dynamic_data_pwr_mgmt
                0x0000000020002374        0xc _build/nrf52840_xxaa/nrf_pwr_mgmt.c.o